🚀 API_URL = https://m1.apifoxmock.com/m1/6400575-6097373-default
🚀 VERSION = 3.0.2
vite v7.1.7 building for production...
transforming...
✓ 3547 modules transformed.
rendering chunks...
computing gzip size...
dist/index.html                                                                         1.35 kB │ gzip:   0.76 kB
dist/assets/login_icon-C4TVlUS8.svg                                                     4.23 kB │ gzip:   1.48 kB
dist/assets/favicon-C1KazUkF.ico                                                        4.29 kB
dist/assets/403-BdWuHcJA.svg                                                            4.61 kB │ gzip:   1.55 kB
dist/assets/yd-BrGqJ6Cs.png                                                             4.63 kB
dist/assets/sd-C0PQtrty.png                                                             4.75 kB
dist/assets/500-DANzffU6.svg                                                            4.93 kB │ gzip:   1.76 kB
dist/assets/404-BzxNMzaO.svg                                                            5.12 kB │ gzip:   1.94 kB
dist/assets/icon4-DoSzj0bv.webp                                                         5.76 kB
dist/assets/icon3-T3qq4dG7.webp                                                         5.87 kB
dist/assets/icon6-WLywVSyq.webp                                                         6.31 kB
dist/assets/icon2-CpZimU24.webp                                                         6.71 kB
dist/assets/img1-D1-edq2V.webp                                                          7.52 kB
dist/assets/icon5-BXFopm_n.webp                                                         7.93 kB
dist/assets/icon7-Bv7tEJJc.webp                                                         8.18 kB
dist/assets/img7-4tHQ8_RR.webp                                                          8.69 kB
dist/assets/img9-C5GNNLTv.webp                                                          9.21 kB
dist/assets/img5-O9OJMad4.webp                                                          9.48 kB
dist/assets/img8-B6h2fA3L.webp                                                          9.58 kB
dist/assets/img4-puXkhAjD.webp                                                          9.83 kB
dist/assets/icon1-DYDLnOGV.webp                                                        10.08 kB
dist/assets/img6-PBedqv72.webp                                                         10.90 kB
dist/assets/draw1-Ce1WF34i.png                                                         11.32 kB
dist/assets/img3-2dukXPv_.webp                                                         12.13 kB
dist/assets/bg-DrCBEYh-.webp                                                           12.35 kB
dist/assets/img2-B4YC9Se8.webp                                                         14.02 kB
dist/assets/lf_icon2-CrdSAdav.webp                                                     25.02 kB
dist/assets/bg_light-WsVMpqKz.webp                                                     67.25 kB
dist/assets/bg_dark-BoZNsetB.webp                                                      70.59 kB
dist/assets/el-tooltip-tn0RQdqM.css                                                     0.00 kB │ gzip:   0.02 kB
dist/assets/el-checkbox-group-D_6SYB2i.css                                              0.05 kB │ gzip:   0.07 kB
dist/assets/taxonomy-drawer-B18X9Vba.css                                                0.07 kB │ gzip:   0.08 kB
dist/assets/system-workspace-CkoPU4k8.css                                               0.07 kB │ gzip:   0.09 kB
dist/assets/el-radio-group-BzMpJalG.css                                                 0.08 kB │ gzip:   0.09 kB
dist/assets/trial-management-Bpe6VU0H.css                                               0.09 kB │ gzip:   0.10 kB
dist/assets/tree-JjlKdx0k.css                                                           0.09 kB │ gzip:   0.10 kB
dist/assets/retired-reports-B63r4G2H.css                                                0.10 kB │ gzip:   0.10 kB
dist/assets/finance-subject-c5UO6ptf.css                                                0.11 kB │ gzip:   0.11 kB
dist/assets/index-BOP8kJTH.css                                                          0.14 kB │ gzip:   0.13 kB
dist/assets/index-Bi61WUqM.css                                                          0.16 kB │ gzip:   0.13 kB
dist/assets/el-space-3oFudasq.css                                                       0.16 kB │ gzip:   0.12 kB
dist/assets/el-overlay-Db7iXMEX.css                                                     0.16 kB │ gzip:   0.14 kB
dist/assets/new-user-CrtQcHjJ.css                                                       0.17 kB │ gzip:   0.14 kB
dist/assets/index-bO8ksejU.css                                                          0.19 kB │ gzip:   0.12 kB
dist/assets/settlement-table-BF-99rLg.css                                               0.20 kB │ gzip:   0.16 kB
dist/assets/index-DB9jCkwp.css                                                          0.23 kB │ gzip:   0.17 kB
dist/assets/index-BfDzIQfa.css                                                          0.27 kB │ gzip:   0.20 kB
dist/assets/index-BUZ8DTI6.css                                                          0.31 kB │ gzip:   0.17 kB
dist/assets/DemoLinks-BZE7eERD.css                                                      0.32 kB │ gzip:   0.22 kB
dist/assets/index-D07p6DwU.css                                                          0.38 kB │ gzip:   0.19 kB
dist/assets/game-rtp-panel-BvN4yofp.css                                                 0.39 kB │ gzip:   0.23 kB
dist/assets/index-Cx53zCnd.css                                                          0.40 kB │ gzip:   0.23 kB
dist/assets/index-DhSZwVCA.css                                                          0.41 kB │ gzip:   0.23 kB
dist/assets/el-row-C6BJsxyy.css                                                         0.49 kB │ gzip:   0.20 kB
dist/assets/game-limit-panel-C1k3ytWP.css                                               0.53 kB │ gzip:   0.26 kB
dist/assets/index-Dx2W-AD2.css                                                          0.57 kB │ gzip:   0.29 kB
dist/assets/index-Cq8Yoqt6.css                                                          0.58 kB │ gzip:   0.29 kB
dist/assets/index-Br80YMW2.css                                                          0.58 kB │ gzip:   0.29 kB
dist/assets/index-DtAA8jEq.css                                                          0.61 kB │ gzip:   0.34 kB
dist/assets/index-DasCUi03.css                                                          0.68 kB │ gzip:   0.36 kB
dist/assets/index-DJnjhMJ1.css                                                          0.71 kB │ gzip:   0.28 kB
dist/assets/index-fJ1jxMs7.css                                                          0.74 kB │ gzip:   0.39 kB
dist/assets/index-7OW53Q2j.css                                                          0.74 kB │ gzip:   0.40 kB
dist/assets/index-BXDqNY5f.css                                                          0.74 kB │ gzip:   0.31 kB
dist/assets/index-DAW78nRA.css                                                          0.75 kB │ gzip:   0.35 kB
dist/assets/index-w6qIsAxw.css                                                          0.81 kB │ gzip:   0.41 kB
dist/assets/index-DBRbL5Qs.css                                                          0.83 kB │ gzip:   0.31 kB
dist/assets/index-ClhYxjot.css                                                          0.83 kB │ gzip:   0.32 kB
dist/assets/index-DX00txb6.css                                                          0.85 kB │ gzip:   0.43 kB
dist/assets/el-card-fwQOLwdi.css                                                        0.86 kB │ gzip:   0.29 kB
dist/assets/el-avatar-BmRr_O8d.css                                                      0.88 kB │ gzip:   0.34 kB
dist/assets/index-DkH0G5xV.css                                                          0.88 kB │ gzip:   0.35 kB
dist/assets/detail-DsDI-96T.css                                                         0.89 kB │ gzip:   0.36 kB
dist/assets/index-DkGYMVoQ.css                                                          0.92 kB │ gzip:   0.34 kB
dist/assets/index-D5mjux0z.css                                                          1.02 kB │ gzip:   0.37 kB
dist/assets/AuthTopBar-CaGuxVf8.css                                                     1.03 kB │ gzip:   0.43 kB
dist/assets/index-Co-bgxMA.css                                                          1.04 kB │ gzip:   0.41 kB
dist/assets/el-text-3XkjT9nK.css                                                        1.05 kB │ gzip:   0.35 kB
dist/assets/index-z7g1M4-K.css                                                          1.13 kB │ gzip:   0.41 kB
dist/assets/game-audit-panel-CUZdEnlf.css                                               1.14 kB │ gzip:   0.46 kB
dist/assets/el-empty-D4ZqTl4F.css                                                       1.20 kB │ gzip:   0.47 kB
dist/assets/index-SqXpkpGV.css                                                          1.22 kB │ gzip:   0.47 kB
dist/assets/index-bjrPmF22.css                                                          1.26 kB │ gzip:   0.44 kB
dist/assets/detail-D29eZl2a.css                                                         1.31 kB │ gzip:   0.46 kB
dist/assets/el-scrollbar-BWxh-h6K.css                                                   1.33 kB │ gzip:   0.44 kB
dist/assets/el-popover-Cktl5fHm.css                                                     1.35 kB │ gzip:   0.42 kB
dist/assets/index-vj9_IGHp.css                                                          1.37 kB │ gzip:   0.43 kB
dist/assets/index-BSZzuoGv.css                                                          1.38 kB │ gzip:   0.50 kB
dist/assets/el-result-CLFeE-IU.css                                                      1.46 kB │ gzip:   0.38 kB
dist/assets/game-asset-uploader-X5y15BBT.css                                            1.48 kB │ gzip:   0.54 kB
dist/assets/index-RGs7dzNx.css                                                          1.48 kB │ gzip:   0.49 kB
dist/assets/index-CBpOLoQk.css                                                          1.49 kB │ gzip:   0.52 kB
dist/assets/index-B8CpU-xr.css                                                          1.50 kB │ gzip:   0.52 kB
dist/assets/index-aycEy_NC.css                                                          1.52 kB │ gzip:   0.52 kB
dist/assets/detail-D6Ra7Ji_.css                                                         1.56 kB │ gzip:   0.54 kB
dist/assets/index-D_33WYvd.css                                                          1.61 kB │ gzip:   0.53 kB
dist/assets/index-D-7FBvGe.css                                                          1.67 kB │ gzip:   0.55 kB
dist/assets/el-option-BHqzF8z9.css                                                      1.68 kB │ gzip:   0.64 kB
dist/assets/create-X3erjklb.css                                                         1.76 kB │ gzip:   0.58 kB
dist/assets/index-BhXB47oD.css                                                          1.77 kB │ gzip:   0.64 kB
dist/assets/game-basic-panel-Cda56-wx.css                                               1.79 kB │ gzip:   0.58 kB
dist/assets/index-B_E-wwnR.css                                                          1.98 kB │ gzip:   0.59 kB
dist/assets/index-CMPuwUgy.css                                                          1.99 kB │ gzip:   0.63 kB
dist/assets/index-Bgf43FFJ.css                                                          2.01 kB │ gzip:   0.62 kB
dist/assets/index-C5rYpSsQ.css                                                          2.01 kB │ gzip:   0.55 kB
dist/assets/detail-bLjFnqca.css                                                         2.02 kB │ gzip:   0.56 kB
dist/assets/index-DJaSH54E.css                                                          2.04 kB │ gzip:   0.68 kB
dist/assets/index-B7oblv3n.css                                                          2.05 kB │ gzip:   0.70 kB
dist/assets/index-DkYiz5i7.css                                                          2.05 kB │ gzip:   0.59 kB
dist/assets/index-p5mPO7rG.css                                                          2.07 kB │ gzip:   0.63 kB
dist/assets/index-DjYvJyYQ.css                                                          2.15 kB │ gzip:   0.78 kB
dist/assets/el-popper-D1i0e6ba.css                                                      2.21 kB │ gzip:   0.52 kB
dist/assets/index-ECGQYH1I.css                                                          2.25 kB │ gzip:   0.67 kB
dist/assets/index-BjkJbVUd.css                                                          2.30 kB │ gzip:   0.68 kB
dist/assets/index-DgaiRRUZ.css                                                          2.35 kB │ gzip:   0.70 kB
dist/assets/index-GDUsWA1B.css                                                          2.50 kB │ gzip:   0.79 kB
dist/assets/el-progress-Dw9yTa91.css                                                    2.59 kB │ gzip:   0.76 kB
dist/assets/el-timeline-item-BvbJTz1y.css                                               2.60 kB │ gzip:   0.64 kB
dist/assets/img4-Dh4MhdCP.css                                                           2.62 kB │ gzip:   0.80 kB
dist/assets/index-CDDDnorJ.css                                                          2.65 kB │ gzip:   0.77 kB
dist/assets/detail-BvAL88-H.css                                                         2.71 kB │ gzip:   0.78 kB
dist/assets/detail-DGcEBduT.css                                                         2.75 kB │ gzip:   0.76 kB
dist/assets/create-CJFQq_BB.css                                                         2.76 kB │ gzip:   0.85 kB
dist/assets/index-FT-lMGhB.css                                                          2.77 kB │ gzip:   0.97 kB
dist/assets/index-9BhB1zP5.css                                                          2.77 kB │ gzip:   0.97 kB
dist/assets/differences-CVTrLU8c.css                                                    2.78 kB │ gzip:   0.75 kB
dist/assets/index-C4VELuNO.css                                                          2.79 kB │ gzip:   0.83 kB
dist/assets/overview-BwxxcWb0.css                                                       2.89 kB │ gzip:   0.73 kB
dist/assets/index-CllhD-dB.css                                                          2.89 kB │ gzip:   0.81 kB
dist/assets/create-BTnzUwuN.css                                                         3.09 kB │ gzip:   0.94 kB
dist/assets/detail-BWFrFzAr.css                                                         3.13 kB │ gzip:   0.84 kB
dist/assets/detail-Co0TW9n2.css                                                         3.14 kB │ gzip:   0.88 kB
dist/assets/detail-BIhu6HQR.css                                                         3.17 kB │ gzip:   0.84 kB
dist/assets/index-C93XvKeM.css                                                          3.18 kB │ gzip:   0.89 kB
dist/assets/el-radio-button-CSkroacn.css                                                3.25 kB │ gzip:   0.77 kB
dist/assets/index-pMEr6xZB.css                                                          3.28 kB │ gzip:   0.88 kB
dist/assets/el-button-group-ePhtJS9H.css                                                3.30 kB │ gzip:   0.46 kB
dist/assets/index-CrYNDesq.css                                                          3.37 kB │ gzip:   0.86 kB
dist/assets/index-CCsB2IfO.css                                                          3.41 kB │ gzip:   0.83 kB
dist/assets/el-descriptions-item-o9ObloqJ.css                                           3.42 kB │ gzip:   0.60 kB
dist/assets/index-Dv_OnLT0.css                                                          3.44 kB │ gzip:   1.02 kB
dist/assets/el-alert-G57rL0jl.css                                                       3.46 kB │ gzip:   0.75 kB
dist/assets/el-drawer-BhCnIJJ3.css                                                      3.51 kB │ gzip:   0.88 kB
dist/assets/el-dialog-DyK7vRzj.css                                                      3.53 kB │ gzip:   0.98 kB
dist/assets/index-DUcvF6_-.css                                                          3.78 kB │ gzip:   1.02 kB
dist/assets/el-dropdown-item-h8USmNax.css                                               3.89 kB │ gzip:   0.91 kB
dist/assets/el-switch-B5lTGWdM.css                                                      3.94 kB │ gzip:   0.96 kB
dist/assets/currency-detail-D_DHLVox.css                                                4.03 kB │ gzip:   1.01 kB
dist/assets/index-CDMVdVzb.css                                                          4.25 kB │ gzip:   1.41 kB
dist/assets/el-radio-BuDgLcOG.css                                                       4.31 kB │ gzip:   0.91 kB
dist/assets/el-input-number-D6iOyBgb.css                                                4.34 kB │ gzip:   0.91 kB
dist/assets/create-DhgtJrBr.css                                                         4.41 kB │ gzip:   1.12 kB
dist/assets/el-collapse-item-D4LG0FJ0.css                                               4.64 kB │ gzip:   0.98 kB
dist/assets/el-step-BBhkl3Wt.css                                                        4.66 kB │ gzip:   1.17 kB
dist/assets/message-CIxGxpAv.css                                                        4.69 kB │ gzip:   1.06 kB
dist/assets/el-form-item-BWkJzdQ_.css                                                   4.75 kB │ gzip:   0.89 kB
dist/assets/overlay-D80Dkf6C.css                                                        4.89 kB │ gzip:   1.21 kB
dist/assets/el-tree-C2sTlbKd.css                                                        4.91 kB │ gzip:   1.11 kB
dist/assets/index-D1XvkZl5.css                                                          5.35 kB │ gzip:   1.20 kB
dist/assets/el-tag-DljBBxJR.css                                                         5.52 kB │ gzip:   0.87 kB
dist/assets/tag-CtW1DIiB.css                                                            5.87 kB │ gzip:   0.88 kB
dist/assets/detail-D8SvTbm7.css                                                         5.93 kB │ gzip:   1.38 kB
dist/assets/index-C7z7jbZe.css                                                          5.94 kB │ gzip:   1.40 kB
dist/assets/el-checkbox-DIj50LEB.css                                                    6.53 kB │ gzip:   1.21 kB
dist/assets/el-pagination-BNQcHhjS.css                                                  6.58 kB │ gzip:   1.17 kB
dist/assets/el-color-picker-panel-zG3lrnKK.css                                          7.05 kB │ gzip:   1.54 kB
dist/assets/dropdown-menu-DZNPa9HE.css                                                  7.22 kB │ gzip:   1.27 kB
dist/assets/el-select-DdmnTlAY.css                                                      8.25 kB │ gzip:   1.92 kB
dist/assets/input-BUa0-RC6.css                                                         10.55 kB │ gzip:   1.74 kB
dist/assets/LoginLeftView-DK0dda1l.css                                                 10.74 kB │ gzip:   1.81 kB
dist/assets/el-input-tPmZxDKr.css                                                      10.83 kB │ gzip:   1.74 kB
dist/assets/index-3f4AKCsY.css                                                         11.43 kB │ gzip:   2.38 kB
dist/assets/el-upload-q8uObtwj.css                                                     11.46 kB │ gzip:   2.07 kB
dist/assets/index-wywGMzvX.css                                                         14.06 kB │ gzip:   2.53 kB
dist/assets/el-tab-pane-BLUvaGkK.css                                                   14.83 kB │ gzip:   2.25 kB
dist/assets/index-T-lbGpFz.css                                                         15.41 kB │ gzip:   3.54 kB
dist/assets/el-button-CDqfIFiK.css                                                     15.58 kB │ gzip:   1.93 kB
dist/assets/button-DnPLJipQ.css                                                        15.68 kB │ gzip:   1.93 kB
dist/assets/index-Jj6CNJN3.css                                                         17.15 kB │ gzip:   3.04 kB
dist/assets/el-table-column-CKoPG0Y8.css                                               18.06 kB │ gzip:   2.87 kB
dist/assets/index-CNLwSxeQ.css                                                         20.10 kB │ gzip:   3.49 kB
dist/assets/el-date-picker-panel-BhfPqR_w.css                                          28.61 kB │ gzip:   4.15 kB
dist/assets/index-DYIaM2N4.css                                                         36.70 kB │ gzip:   6.13 kB
dist/assets/index-CfPtBhMe.css                                                         36.98 kB │ gzip:   6.70 kB
dist/assets/el-col-DD1Vn-Yu.css                                                        38.68 kB │ gzip:   3.75 kB
dist/assets/tree-select-Dp8ixnpr.css                                                   84.59 kB │ gzip:  12.28 kB
dist/assets/index-CWlBiL59.css                                                        117.32 kB │ gzip:  21.37 kB
dist/assets/refs-Cw5r5QN8.js                                                            0.06 kB │ gzip:   0.08 kB
dist/assets/emojo-Ben6gd8J.js                                                           0.06 kB │ gzip:   0.08 kB
dist/assets/bg_dark-DojzJvQT.js                                                         0.07 kB │ gzip:   0.09 kB
dist/assets/token-DWNpOE8r.js                                                           0.08 kB │ gzip:   0.08 kB
dist/assets/event-BwRzfsZt.js                                                           0.08 kB │ gzip:   0.09 kB
dist/assets/validator-PWlTp9_X.js                                                       0.09 kB │ gzip:   0.10 kB
dist/assets/cloneDeep-BPS-e4LE.js                                                       0.09 kB │ gzip:   0.10 kB
dist/assets/_plugin-vue_export-helper-BCo6x5W8.js                                       0.09 kB │ gzip:   0.10 kB
dist/assets/castArray-C6W6rV5D.js                                                       0.14 kB │ gzip:   0.14 kB
dist/assets/strings-BT-o1pvX.js                                                         0.15 kB │ gzip:   0.15 kB
dist/assets/formEnum-BLgiZVxV.js                                                        0.15 kB │ gzip:   0.15 kB
dist/assets/error-D_Dr4eZ1.js                                                           0.15 kB │ gzip:   0.14 kB
dist/assets/index-CIsSGQKc.js                                                           0.17 kB │ gzip:   0.17 kB
dist/assets/isArrayLikeObject-D5ZWR_l7.js                                               0.19 kB │ gzip:   0.17 kB
dist/assets/about-project-CW8L4Sfk.js                                                   0.20 kB │ gzip:   0.15 kB
dist/assets/img4-JpqBH3JO.js                                                            0.21 kB │ gzip:   0.14 kB
dist/assets/icon4-BVfZs0YA.js                                                           0.22 kB │ gzip:   0.15 kB
dist/assets/list-query-HM-niBWG.js                                                      0.24 kB │ gzip:   0.21 kB
dist/assets/active-user-s7Q1zp0y.js                                                     0.26 kB │ gzip:   0.18 kB
dist/assets/total-revenue-BpcWqi4C.js                                                   0.26 kB │ gzip:   0.18 kB
dist/assets/sales-overview-d5y6Pkqs.js                                                  0.26 kB │ gzip:   0.18 kB
dist/assets/visitor-insights-DULGUFl8.js                                                0.26 kB │ gzip:   0.18 kB
dist/assets/volume-service-level-Bt-feYBv.js                                            0.27 kB │ gzip:   0.19 kB
dist/assets/customer-satisfaction-CMYaE0zV.js                                           0.27 kB │ gzip:   0.19 kB
dist/assets/clamp-C8EMxqV1.js                                                           0.27 kB │ gzip:   0.19 kB
dist/assets/index-DytFoApy.js                                                           0.28 kB │ gzip:   0.24 kB
dist/assets/index-DNFF6CNZ.js                                                           0.28 kB │ gzip:   0.24 kB
dist/assets/index-CtJwh2Vv.js                                                           0.28 kB │ gzip:   0.24 kB
dist/assets/index-Crd-yCd6.js                                                           0.28 kB │ gzip:   0.24 kB
dist/assets/index-CmWLM9hR.js                                                           0.28 kB │ gzip:   0.25 kB
dist/assets/dynamic-stats-Bh13r9Qt.js                                                   0.29 kB │ gzip:   0.20 kB
dist/assets/card-list-BI607dqn.js                                                       0.32 kB │ gzip:   0.19 kB
dist/assets/today-sales-uydS-SPA.js                                                     0.32 kB │ gzip:   0.19 kB
dist/assets/hot-commodity-5MRaVQNk.js                                                   0.32 kB │ gzip:   0.19 kB
dist/assets/target-vs-reality-DV4651yI.js                                               0.33 kB │ gzip:   0.19 kB
dist/assets/banner-BN_pnpYb.js                                                          0.33 kB │ gzip:   0.19 kB
dist/assets/useAuth-DqjF74Hm.js                                                         0.34 kB │ gzip:   0.26 kB
dist/assets/index-CGC9UE1Y.js                                                           0.37 kB │ gzip:   0.29 kB
dist/assets/recent-transaction-Ciq7IuHQ.js                                              0.39 kB │ gzip:   0.24 kB
dist/assets/index-DM2--K5a.js                                                           0.42 kB │ gzip:   0.30 kB
dist/assets/cart-conversion-rate--xm8Mgnu.js                                            0.48 kB │ gzip:   0.38 kB
dist/assets/todo-list-BEInLpnK.js                                                       0.51 kB │ gzip:   0.28 kB
dist/assets/toNumber-csDm9LIM.js                                                        0.54 kB │ gzip:   0.36 kB
dist/assets/raf-CDFbFWOh.js                                                             0.54 kB │ gzip:   0.35 kB
dist/assets/transaction-list-C9q7sUgu.js                                                0.58 kB │ gzip:   0.30 kB
dist/assets/index-DDHSfwps.js                                                           0.59 kB │ gzip:   0.34 kB
dist/assets/use-form-common-props-BUaZnvv6.js                                           0.64 kB │ gzip:   0.36 kB
dist/assets/sales-mapping-by-country-D7DI72eO.js                                        0.67 kB │ gzip:   0.48 kB
dist/assets/total-products-De9-XHeF.js                                                  0.68 kB │ gzip:   0.47 kB
dist/assets/useLayoutHeight-B3yQOcO5.js                                                 0.68 kB │ gzip:   0.42 kB
dist/assets/sales-trend-CQPQE6ov.js                                                     0.69 kB │ gzip:   0.48 kB
dist/assets/sales-overview.vue_vue_type_script_setup_true_lang-BQNVqgVi.js              0.71 kB │ gzip:   0.49 kB
dist/assets/total-revenue.vue_vue_type_script_setup_true_lang-KyQZ7rH7.js               0.73 kB │ gzip:   0.51 kB
dist/assets/volume-service-level.vue_vue_type_script_setup_true_lang-tgh4cmMl.js        0.76 kB │ gzip:   0.50 kB
dist/assets/customer-satisfaction.vue_vue_type_script_setup_true_lang-B5nMLnIL.js       0.77 kB │ gzip:   0.53 kB
dist/assets/total-order-volume--6XrlEDw.js                                              0.77 kB │ gzip:   0.56 kB
dist/assets/visitor-insights.vue_vue_type_script_setup_true_lang-DxfHpOET.js            0.78 kB │ gzip:   0.52 kB
dist/assets/index-BqpuuU_d.js                                                           0.80 kB │ gzip:   0.50 kB
dist/assets/index-Uophet-s.js                                                           0.86 kB │ gzip:   0.52 kB
dist/assets/product-sales-Cj2Vwyko.js                                                   0.86 kB │ gzip:   0.53 kB
dist/assets/sales-growth-PEeaJgcr.js                                                    0.88 kB │ gzip:   0.54 kB
dist/assets/recent-transaction.vue_vue_type_script_setup_true_lang-UuTedGsE.js          0.90 kB │ gzip:   0.58 kB
dist/assets/index.vue_vue_type_script_setup_true_lang-DWTc_vT_.js                       0.93 kB │ gzip:   0.57 kB
dist/assets/index-eLjr81ra.js                                                           0.94 kB │ gzip:   0.52 kB
dist/assets/role-permission-dialog-ZpnjRQXg.js                                          0.96 kB │ gzip:   0.44 kB
dist/assets/ArtException.vue_vue_type_script_setup_true_lang-DnV416Yu.js                0.98 kB │ gzip:   0.61 kB
dist/assets/finance-subject-qQyDDj0A.js                                                 1.00 kB │ gzip:   0.70 kB
dist/assets/transaction-list.vue_vue_type_script_setup_true_lang-BQOBo2yt.js            1.01 kB │ gzip:   0.60 kB
dist/assets/use-form-item-z106QYdt.js                                                   1.02 kB │ gzip:   0.56 kB
dist/assets/role-edit-dialog-CeCQxKPS.js                                                1.03 kB │ gzip:   0.50 kB
dist/assets/Iframe-BTKcJ_Yl.js                                                          1.03 kB │ gzip:   0.61 kB
dist/assets/debounce-76QQ0Mlq.js                                                        1.04 kB │ gzip:   0.56 kB
dist/assets/index-Dom_CE13.js                                                           1.05 kB │ gzip:   0.61 kB
dist/assets/index-BKxirQRK.js                                                           1.07 kB │ gzip:   0.64 kB
dist/assets/index-DQQZCw7Q.js                                                           1.07 kB │ gzip:   0.61 kB
dist/assets/index-DSCzukKP.js                                                           1.07 kB │ gzip:   0.61 kB
dist/assets/index-rrkUAsJL.js                                                           1.07 kB │ gzip:   0.61 kB
dist/assets/_baseIteratee-DVU2oYtF.js                                                   1.13 kB │ gzip:   0.60 kB
dist/assets/vnode-pleYu2kr.js                                                           1.14 kB │ gzip:   0.61 kB
dist/assets/_flatRest-CwSAy3l5.js                                                       1.16 kB │ gzip:   0.63 kB
dist/assets/scroll-BitHDbg7.js                                                          1.19 kB │ gzip:   0.62 kB
dist/assets/active-user.vue_vue_type_script_setup_true_lang-CVKpXTxw.js                 1.20 kB │ gzip:   0.81 kB
dist/assets/index-RBKAPfs0.js                                                           1.29 kB │ gzip:   0.60 kB
dist/assets/el-row-GhNRZd7W.js                                                          1.31 kB │ gzip:   0.73 kB
dist/assets/aria-Dle50h-X.js                                                            1.37 kB │ gzip:   0.73 kB
dist/assets/index-DO036SUt.js                                                           1.37 kB │ gzip:   0.71 kB
dist/assets/annual-sales-D-rze99b.js                                                    1.37 kB │ gzip:   0.72 kB
dist/assets/index-DS0XvvsW.js                                                           1.40 kB │ gzip:   0.76 kB
dist/assets/_initCloneObject-CT8jE3Xz.js                                                1.40 kB │ gzip:   0.71 kB
dist/assets/about-project.vue_vue_type_script_setup_true_lang-QbEE6xIk.js               1.40 kB │ gzip:   0.96 kB
dist/assets/game-batch-tag-dialog-BcFIZ2oi.js                                           1.41 kB │ gzip:   0.61 kB
dist/assets/todo-list.vue_vue_type_script_setup_true_lang-BxTOW3LR.js                   1.44 kB │ gzip:   0.78 kB
dist/assets/sales-classification-DAXvfCIJ.js                                            1.46 kB │ gzip:   0.80 kB
dist/assets/index-XPi9mwKX.js                                                           1.47 kB │ gzip:   0.76 kB
dist/assets/index-wT7mut5j.js                                                           1.50 kB │ gzip:   0.81 kB
dist/assets/el-card-Bll9V94Q.js                                                         1.50 kB │ gzip:   0.74 kB
dist/assets/banner.vue_vue_type_script_setup_true_lang-W3QdTtIq.js                      1.51 kB │ gzip:   0.84 kB
dist/assets/index.vue_vue_type_script_setup_true_lang-bN_dEcFK.js                       1.52 kB │ gzip:   0.78 kB
dist/assets/ArtResultPage.vue_vue_type_script_setup_true_lang-Blrz-pX4.js               1.53 kB │ gzip:   0.84 kB
dist/assets/user-dialog-BvXzmqWJ.js                                                     1.54 kB │ gzip:   0.65 kB
dist/assets/dynamic-stats.vue_vue_type_script_setup_true_lang-Cb34eS-e.js               1.54 kB │ gzip:   0.86 kB
dist/assets/top-products-BUItecf-.js                                                    1.57 kB │ gzip:   0.65 kB
dist/assets/index.vue_vue_type_script_setup_true_lang-B6yYlTLA.js                       1.59 kB │ gzip:   0.85 kB
dist/assets/index-DOxBILFG.js                                                           1.60 kB │ gzip:   0.96 kB
dist/assets/user-search.vue_vue_type_script_setup_true_lang-DM005Q8U.js                 1.61 kB │ gzip:   0.86 kB
dist/assets/hot-products-list-B7dRVEd8.js                                               1.61 kB │ gzip:   0.67 kB
dist/assets/card-list.vue_vue_type_script_setup_true_lang-jH3LOlaM.js                   1.62 kB │ gzip:   0.91 kB
dist/assets/target-vs-reality.vue_vue_type_script_setup_true_lang-CWDossOm.js           1.63 kB │ gzip:   0.88 kB
dist/assets/el-avatar-DJw7dSkK.js                                                       1.67 kB │ gzip:   0.91 kB
dist/assets/index-BGdU52lL.js                                                           1.68 kB │ gzip:   0.96 kB
dist/assets/hot-commodity.vue_vue_type_script_setup_true_lang-BNTXxETh.js               1.72 kB │ gzip:   0.90 kB
dist/assets/top-products.vue_vue_type_script_setup_true_lang-N_e8PC8T.js                1.72 kB │ gzip:   0.94 kB
dist/assets/role-search-BiVR_0UA.js                                                     1.79 kB │ gzip:   0.76 kB
dist/assets/user-search-Dkc_M1tx.js                                                     1.79 kB │ gzip:   0.77 kB
dist/assets/role-search.vue_vue_type_script_setup_true_lang-doYXEbGM.js                 1.79 kB │ gzip:   0.94 kB
dist/assets/el-col-Cj7POuSt.js                                                          1.79 kB │ gzip:   0.85 kB
dist/assets/el-result-CVrSyoRT.js                                                       1.79 kB │ gzip:   0.83 kB
dist/assets/index-BWY9bWCr.js                                                           1.80 kB │ gzip:   0.99 kB
dist/assets/index.vue_vue_type_script_setup_true_lang-D-PyH3PS.js                       1.83 kB │ gzip:   0.94 kB
dist/assets/index-BNRHGHC-.js                                                           1.87 kB │ gzip:   0.96 kB
dist/assets/index-CtdUKKw9.js                                                           1.89 kB │ gzip:   1.04 kB
dist/assets/index-Gl1Jbmao.js                                                           1.90 kB │ gzip:   1.06 kB
dist/assets/index.vue_vue_type_script_setup_true_lang-DbE8XElb.js                       1.91 kB │ gzip:   1.03 kB
dist/assets/avatar10-Dom60BwY.js                                                        1.93 kB │ gzip:   1.50 kB
dist/assets/menu-dialog-gddzZsv4.js                                                     2.00 kB │ gzip:   0.81 kB
dist/assets/index-DHeaVAOT.js                                                           2.04 kB │ gzip:   0.76 kB
dist/assets/retired-reports-C8dQR7wL.js                                                 2.07 kB │ gzip:   1.34 kB
dist/assets/today-sales.vue_vue_type_script_setup_true_lang-B6_ltvUa.js                 2.20 kB │ gzip:   1.14 kB
dist/assets/el-timeline-item-B3seRgjd.js                                                2.22 kB │ gzip:   1.00 kB
dist/assets/index-BMP6_XD-.js                                                           2.22 kB │ gzip:   1.20 kB
dist/assets/index-CFKAuyqH.js                                                           2.29 kB │ gzip:   1.05 kB
dist/assets/LoginLeftView-U09Ul81a.js                                                   2.37 kB │ gzip:   0.85 kB
dist/assets/index-FGNaSrRl.js                                                           2.43 kB │ gzip:   1.00 kB
dist/assets/index.vue_vue_type_script_setup_true_lang-BH3VQrfN.js                       2.43 kB │ gzip:   1.14 kB
dist/assets/index.vue_vue_type_script_setup_true_lang-C6MVdhrD.js                       2.44 kB │ gzip:   1.20 kB
dist/assets/useTableColumns-DtV67BFr.js                                                 2.46 kB │ gzip:   1.04 kB
dist/assets/index-W6KsHPwH.js                                                           2.47 kB │ gzip:   1.13 kB
dist/assets/index.vue_vue_type_script_setup_true_lang-CLuB_ZAL.js                       2.51 kB │ gzip:   1.25 kB
dist/assets/index-CBdp7e2o.js                                                           2.53 kB │ gzip:   1.38 kB
dist/assets/el-space-FTy2ZyNV.js                                                        2.54 kB │ gzip:   1.19 kB
dist/assets/el-alert-C0cDaSq_.js                                                        2.55 kB │ gzip:   1.19 kB
dist/assets/merchant-demo-BzjxlEfF.js                                                   2.63 kB │ gzip:   1.20 kB
dist/assets/trial-management-z9nlB_w0.js                                                2.72 kB │ gzip:   1.24 kB
dist/assets/avatar-pR7-E1hl.js                                                          2.89 kB │ gzip:   2.23 kB
dist/assets/basic-BhBhENpI.js                                                           2.94 kB │ gzip:   1.40 kB
dist/assets/_baseClone-CIBkZlUE.js                                                      3.02 kB │ gzip:   1.27 kB
dist/assets/hot-products-list.vue_vue_type_script_setup_true_lang-BC9UE_Ut.js           3.03 kB │ gzip:   1.54 kB
dist/assets/index-loKQtMQo.js                                                           3.04 kB │ gzip:   1.75 kB
dist/assets/index.vue_vue_type_script_setup_true_lang-DqVrK06v.js                       3.07 kB │ gzip:   1.31 kB
dist/assets/index-D-asXGMl.js                                                           3.10 kB │ gzip:   1.50 kB
dist/assets/avatar1-CutlWZf5.js                                                         3.11 kB │ gzip:   2.40 kB
dist/assets/sd-1u45Prz5.js                                                              3.13 kB │ gzip:   2.15 kB
dist/assets/game-audit-panel-4mFHp-Oj.js                                                3.14 kB │ gzip:   1.67 kB
dist/assets/index-B1j8vMRF.js                                                           3.15 kB │ gzip:   1.57 kB
dist/assets/index.vue_vue_type_script_setup_true_lang-BD47Wm6n.js                       3.19 kB │ gzip:   1.37 kB
dist/assets/index-DN8hnXeW.js                                                           3.21 kB │ gzip:   1.47 kB
dist/assets/index-DIoS20At.js                                                           3.26 kB │ gzip:   1.46 kB
dist/assets/role-edit-dialog.vue_vue_type_script_setup_true_lang-EmzVCESU.js            3.26 kB │ gzip:   1.39 kB
dist/assets/index.vue_vue_type_script_setup_true_lang-C95MEB6n.js                       3.43 kB │ gzip:   1.62 kB
dist/assets/AuthTopBar-BnbZjhJQ.js                                                      3.49 kB │ gzip:   1.70 kB
dist/assets/index-g_MtXsoe.js                                                           3.50 kB │ gzip:   1.30 kB
dist/assets/el-popover-DKmf0iJq.js                                                      3.51 kB │ gzip:   1.53 kB
dist/assets/index-Bg2qvN5H.js                                                           3.52 kB │ gzip:   1.65 kB
dist/assets/index-_CrJqAQk.js                                                           3.55 kB │ gzip:   1.69 kB
dist/assets/game-batch-tag-dialog.vue_vue_type_script_setup_true_lang-DtX3tUTo.js       3.58 kB │ gzip:   1.65 kB
dist/assets/user-dialog.vue_vue_type_script_setup_true_lang-D7gT84BF.js                 3.62 kB │ gzip:   1.64 kB
dist/assets/role-permission-dialog.vue_vue_type_script_setup_true_lang-CBWqg4PT.js      3.63 kB │ gzip:   1.74 kB
dist/assets/settlement-table-FimVPoaU.js                                                3.63 kB │ gzip:   1.76 kB
dist/assets/index-DlBW8SyK.js                                                           3.71 kB │ gzip:   1.33 kB
dist/assets/formData-Cd6BXK-M.js                                                        3.80 kB │ gzip:   1.22 kB
dist/assets/index-DABRPm6T.js                                                           4.07 kB │ gzip:   1.97 kB
dist/assets/new-user-DDELO8I-.js                                                        4.13 kB │ gzip:   1.89 kB
dist/assets/index-Neu81tZb.js                                                           4.22 kB │ gzip:   2.11 kB
dist/assets/index-Dv5LybTN.js                                                           4.23 kB │ gzip:   1.82 kB
dist/assets/index-C3K_pyzR.js                                                           4.26 kB │ gzip:   2.28 kB
dist/assets/index-bOLq4uWI.js                                                           4.50 kB │ gzip:   1.85 kB
dist/assets/index-C2DMfNFc.js                                                           4.55 kB │ gzip:   1.96 kB
dist/assets/el-step-Du0f2ZO3.js                                                         4.57 kB │ gzip:   1.86 kB
dist/assets/index-C3TdPhsA.js                                                           4.57 kB │ gzip:   1.57 kB
dist/assets/el-overlay-DzJRQvv5.js                                                      4.66 kB │ gzip:   1.83 kB
dist/assets/game-asset-uploader-DI7d45gO.js                                             4.66 kB │ gzip:   2.36 kB
dist/assets/index-BH_tpchw.js                                                           4.66 kB │ gzip:   1.55 kB
dist/assets/index-girtOeeC.js                                                           4.73 kB │ gzip:   1.98 kB
dist/assets/el-empty-DDyqkaTg.js                                                        4.82 kB │ gzip:   1.68 kB
dist/assets/index.vue_vue_type_script_setup_true_lang-DdQnzsNQ.js                       4.86 kB │ gzip:   1.95 kB
dist/assets/index-C_8g01g-.js                                                           4.98 kB │ gzip:   2.38 kB
dist/assets/el-collapse-item-DH_d_mM2.js                                                5.01 kB │ gzip:   2.19 kB
dist/assets/el-drawer-Cc_-yFiT.js                                                       5.05 kB │ gzip:   2.30 kB
dist/assets/index-CNFBkFDe.js                                                           5.11 kB │ gzip:   2.04 kB
dist/assets/el-dialog-BDnjcve2.js                                                       5.13 kB │ gzip:   2.22 kB
dist/assets/index-BoKoNPO2.js                                                           5.17 kB │ gzip:   1.93 kB
dist/assets/el-descriptions-item-7igmCBzI.js                                            5.28 kB │ gzip:   2.09 kB
dist/assets/index-DxsztPtz.js                                                           5.32 kB │ gzip:   2.49 kB
dist/assets/useHeaderBar-CcCQh94t.js                                                    5.39 kB │ gzip:   3.66 kB
dist/assets/approvalCenter-DcUx6B3A.js                                                  5.40 kB │ gzip:   2.29 kB
dist/assets/index-ZO6z1-9W.js                                                           5.45 kB │ gzip:   2.47 kB
dist/assets/index-KNrfKXKg.js                                                           5.54 kB │ gzip:   2.24 kB
dist/assets/platformSystem-Dhc_L0kl.js                                                  5.56 kB │ gzip:   2.74 kB
dist/assets/index-C1hrM-Tf.js                                                           5.60 kB │ gzip:   2.83 kB
dist/assets/index-CWjUCPge.js                                                           5.79 kB │ gzip:   2.54 kB
dist/assets/el-radio-CgMdmyu0.js                                                        5.88 kB │ gzip:   2.31 kB
dist/assets/useChart-uyUSt_1_.js                                                        5.97 kB │ gzip:   2.62 kB
dist/assets/gameCatalog-Shi5Zf5l.js                                                     6.09 kB │ gzip:   2.38 kB
dist/assets/index-DjbYztbZ.js                                                           6.13 kB │ gzip:   2.87 kB
dist/assets/index-CxGbd2rA.js                                                           6.29 kB │ gzip:   2.56 kB
dist/assets/index-B-KhZYvL.js                                                           6.29 kB │ gzip:   2.62 kB
dist/assets/index-CxIin-kp.js                                                           6.35 kB │ gzip:   2.85 kB
dist/assets/index-CshPLq-x.js                                                           6.39 kB │ gzip:   3.72 kB
dist/assets/index-CsgDzkvT.js                                                           6.50 kB │ gzip:   2.60 kB
dist/assets/index-BdO7L1qW.js                                                           6.63 kB │ gzip:   2.90 kB
dist/assets/index-DaeghNwi.js                                                           6.79 kB │ gzip:   2.92 kB
dist/assets/index-CO2yJZvr.js                                                           6.79 kB │ gzip:   3.03 kB
dist/assets/tree-CsfoZTYf.js                                                            6.85 kB │ gzip:   3.01 kB
dist/assets/index.vue_vue_type_script_setup_true_lang-DoLPlNtz.js                       6.94 kB │ gzip:   2.91 kB
dist/assets/platformLocale-DQ9z-psK.js                                                  6.96 kB │ gzip:   2.12 kB
dist/assets/memberCenter-BXlaZbUZ.js                                                    7.04 kB │ gzip:   2.69 kB
dist/assets/index-G5Oc7mTO.js                                                           7.17 kB │ gzip:   3.35 kB
dist/assets/financeSettings-qOJ3tcNA.js                                                 7.21 kB │ gzip:   3.16 kB
dist/assets/index-Bxl6-Xl4.js                                                           7.25 kB │ gzip:   3.37 kB
dist/assets/index-BjY-lDnB.js                                                           7.26 kB │ gzip:   3.00 kB
dist/assets/index-4bZaRdX7.js                                                           7.26 kB │ gzip:   2.94 kB
dist/assets/index-DU02Okzz.js                                                           7.34 kB │ gzip:   3.42 kB
dist/assets/menu-dialog.vue_vue_type_script_setup_true_lang-C-1lr_Xu.js                 7.44 kB │ gzip:   3.25 kB
dist/assets/reportCenter-ClXhZP1T.js                                                    7.49 kB │ gzip:   2.77 kB
dist/assets/index-Cab98r-Z.js                                                           7.54 kB │ gzip:   3.10 kB
dist/assets/index-CgJy1YT4.js                                                           7.69 kB │ gzip:   3.09 kB
dist/assets/index-CMGgPQtk.js                                                           7.95 kB │ gzip:   3.17 kB
dist/assets/index-Cpwe0xG6.js                                                           7.98 kB │ gzip:   3.46 kB
dist/assets/agent-drawer-Dhi8m9VL.js                                                    8.13 kB │ gzip:   3.20 kB
dist/assets/avatar6-VNTlcTK9.js                                                         8.15 kB │ gzip:   6.07 kB
dist/assets/transactionCenter-7IP5nncV.js                                               8.47 kB │ gzip:   3.66 kB
dist/assets/overview-DlaOvRA_.js                                                        8.51 kB │ gzip:   3.41 kB
dist/assets/index-D4bt6tI0.js                                                           8.53 kB │ gzip:   3.29 kB
dist/assets/index-LO3MXfZ0.js                                                           8.70 kB │ gzip:   3.28 kB
dist/assets/index-nh1F7pIf.js                                                           9.11 kB │ gzip:   3.82 kB
dist/assets/index-DB7FELWO.js                                                           9.15 kB │ gzip:   3.79 kB
dist/assets/index-CxgNoERz.js                                                           9.20 kB │ gzip:   3.72 kB
dist/assets/index-DkvjbYfA.js                                                           9.46 kB │ gzip:   3.79 kB
dist/assets/game-rtp-panel-B4PsiLEd.js                                                  9.81 kB │ gzip:   3.95 kB
dist/assets/index-BtM7P4db.js                                                           9.90 kB │ gzip:   4.27 kB
dist/assets/detail-D730Wcnn.js                                                          9.94 kB │ gzip:   4.16 kB
dist/assets/index-B8Y9GjEL.js                                                          10.06 kB │ gzip:   3.50 kB
dist/assets/detail-D4g6iTEt.js                                                         10.25 kB │ gzip:   4.16 kB
dist/assets/index-DLlcKha8.js                                                          10.33 kB │ gzip:   4.43 kB
dist/assets/index-BkvLlkNf.js                                                          10.51 kB │ gzip:   4.47 kB
dist/assets/taxonomy-drawer-DXTyr5kr.js                                                10.62 kB │ gzip:   4.08 kB
dist/assets/customParseFormat-DZetKrq_.js                                              10.75 kB │ gzip:   4.57 kB
dist/assets/index-DYnGZECP.js                                                          10.94 kB │ gzip:   4.46 kB
dist/assets/index-CGLeBINq.js                                                          11.02 kB │ gzip:   4.24 kB
dist/assets/avatar9-oKrDyQhv.js                                                        11.24 kB │ gzip:   8.45 kB
dist/assets/index-Y9oIQyuU.js                                                          11.27 kB │ gzip:   4.18 kB
dist/assets/platformAccess-B-PwYkt6.js                                                 11.31 kB │ gzip:   4.09 kB
dist/assets/jackpotCenter-DbiF250x.js                                                  11.49 kB │ gzip:   4.43 kB
dist/assets/index-BamdhLV1.js                                                          11.49 kB │ gzip:   4.61 kB
dist/assets/overlay-Z3x2IaRr.js                                                        11.60 kB │ gzip:   4.30 kB
dist/assets/index-CWyxy7Qj.js                                                          11.73 kB │ gzip:   4.48 kB
dist/assets/index-CTY1IwY3.js                                                          11.76 kB │ gzip:   4.29 kB
dist/assets/el-tab-pane-sVELALUI.js                                                    11.77 kB │ gzip:   4.94 kB
dist/assets/el-pagination-D3G06NJm.js                                                  12.17 kB │ gzip:   4.12 kB
dist/assets/riskCenter-DvEzOSN3.js                                                     12.45 kB │ gzip:   4.64 kB
dist/assets/detail-isf0XNZK.js                                                         12.49 kB │ gzip:   4.74 kB
dist/assets/index-CorF71bz.js                                                          12.58 kB │ gzip:   5.49 kB
dist/assets/index-C6do8fqF.js                                                          12.62 kB │ gzip:   4.87 kB
dist/assets/index-xSdUquED.js                                                          12.68 kB │ gzip:   4.88 kB
dist/assets/index-Bky3jvJC.js                                                          12.80 kB │ gzip:   4.49 kB
dist/assets/index-Og_MkQK2.js                                                          12.99 kB │ gzip:   5.42 kB
dist/assets/index-jnACWujl.js                                                          13.23 kB │ gzip:   5.23 kB
dist/assets/useReportFourTabs-1zfl7u6d.js                                              13.30 kB │ gzip:   5.59 kB
dist/assets/index-BKbMjhU7.js                                                          13.65 kB │ gzip:   5.51 kB
dist/assets/search-bar-DLVQJMMS.js                                                     13.70 kB │ gzip:   5.13 kB
dist/assets/index-DLhv3eXe.js                                                          13.77 kB │ gzip:   4.96 kB
dist/assets/index-DK-b38BU.js                                                          13.90 kB │ gzip:   5.61 kB
dist/assets/create-AJNe7K3d.js                                                         14.37 kB │ gzip:   5.13 kB
dist/assets/index-Dcq9D-xk.js                                                          14.56 kB │ gzip:   5.63 kB
dist/assets/index-D5VmVPJ-.js                                                          14.74 kB │ gzip:   5.75 kB
dist/assets/detail-CNKOhDAy.js                                                         14.82 kB │ gzip:   5.33 kB
dist/assets/differences-DRes6HTM.js                                                    14.95 kB │ gzip:   5.46 kB
dist/assets/index-CfZHJVPH.js                                                          15.09 kB │ gzip:   5.42 kB
dist/assets/game-limit-panel-B5YJqtGy.js                                               15.15 kB │ gzip:   5.56 kB
dist/assets/index-MAmcxnry.js                                                          15.33 kB │ gzip:   5.32 kB
dist/assets/detail-4U6EPw5v.js                                                         15.48 kB │ gzip:   5.98 kB
dist/assets/index-BnF9fhQf.js                                                          15.54 kB │ gzip:   4.27 kB
dist/assets/useTable-DHpN6b5o.js                                                       16.08 kB │ gzip:   6.95 kB
dist/assets/index-DXUruk1J.js                                                          16.17 kB │ gzip:   5.75 kB
dist/assets/el-dropdown-item-BWM0GsjL.js                                               16.41 kB │ gzip:   5.61 kB
dist/assets/index-D6S1oCEv.js                                                          16.52 kB │ gzip:   5.60 kB
dist/assets/index-Dgp48vQ2.js                                                          16.68 kB │ gzip:   5.48 kB
dist/assets/index-JIDA11XH.js                                                          16.84 kB │ gzip:   6.60 kB
dist/assets/index-iREAYrdN.js                                                          17.11 kB │ gzip:   5.08 kB
dist/assets/index-B3q5ySpK.js                                                          17.40 kB │ gzip:   6.67 kB
dist/assets/modules-iUkQZUOi.js                                                        17.49 kB │ gzip:   5.29 kB
dist/assets/create-C71cJHRl.js                                                         17.49 kB │ gzip:   6.18 kB
dist/assets/index-roOZky6f.js                                                          17.61 kB │ gzip:   6.26 kB
dist/assets/index-BETHWA-t.js                                                          17.63 kB │ gzip:   5.94 kB
dist/assets/DemoLinks-B9l_cRYH.js                                                      17.81 kB │ gzip:   6.41 kB
dist/assets/el-color-picker-panel-CYUNxuVZ.js                                          17.82 kB │ gzip:   6.03 kB
dist/assets/game-basic-panel-M9yfYOyw.js                                               18.19 kB │ gzip:   5.60 kB
dist/assets/providerDemo-Bc5gqXOr.js                                                   18.44 kB │ gzip:   7.28 kB
dist/assets/create--VuXokBS.js                                                         18.61 kB │ gzip:   6.98 kB
dist/assets/index-BgQuqQvg.js                                                          18.69 kB │ gzip:   7.41 kB
dist/assets/create-BxHYEYXu.js                                                         18.69 kB │ gzip:   6.79 kB
dist/assets/index.vue_vue_type_script_setup_true_lang-DHGceP6d.js                      18.89 kB │ gzip:   7.23 kB
dist/assets/index-Cnfzeiom.js                                                          19.57 kB │ gzip:   7.22 kB
dist/assets/index-jhLWLTeX.js                                                          19.78 kB │ gzip:   6.71 kB
dist/assets/index-DuwYyge-.js                                                          19.96 kB │ gzip:   7.07 kB
dist/assets/el-button-CARRYgqb.js                                                      19.99 kB │ gzip:   6.93 kB
dist/assets/financeCenter-8yN-5NVv.js                                                  20.82 kB │ gzip:   6.49 kB
dist/assets/index-BzVPTj2i.js                                                          21.01 kB │ gzip:   6.37 kB
dist/assets/index-BHiGXtj2.js                                                          21.15 kB │ gzip:   7.41 kB
dist/assets/businessPartner-2jHtzu5P.js                                                21.19 kB │ gzip:   6.03 kB
dist/assets/index-Cujia4j1.js                                                          22.40 kB │ gzip:   7.73 kB
dist/assets/index-D9zO_A8s.js                                                          22.49 kB │ gzip:  12.76 kB
dist/assets/index-CdWgkA-g.js                                                          22.61 kB │ gzip:   8.33 kB
dist/assets/detail-B8tHEqaa.js                                                         24.39 kB │ gzip:   8.01 kB
dist/assets/detail-Baff7Iif.js                                                         24.90 kB │ gzip:   7.93 kB
dist/assets/detail-BQu5vHzp.js                                                         25.36 kB │ gzip:   8.53 kB
dist/assets/currency-detail-C9tIu3sc.js                                                25.40 kB │ gzip:   9.61 kB
dist/assets/index-UbuVbUJC.js                                                          25.98 kB │ gzip:   9.03 kB
dist/assets/index-C3wuU15q.js                                                          26.60 kB │ gzip:   8.73 kB
dist/assets/index-QjEMWAJg.js                                                          27.05 kB │ gzip:   8.39 kB
dist/assets/el-form-item-Xs5mpTny.js                                                   27.20 kB │ gzip:   9.13 kB
dist/assets/index-ih2UsFeY.js                                                          28.14 kB │ gzip:   9.99 kB
dist/assets/detail-jRLzoxBd.js                                                         28.40 kB │ gzip:   9.02 kB
dist/assets/el-option-BIhO6Nym.js                                                      28.82 kB │ gzip:   9.59 kB
dist/assets/index-CZliPPiN.js                                                          29.02 kB │ gzip:   9.34 kB
dist/assets/detail-DD6bg0d1.js                                                         30.10 kB │ gzip:   9.12 kB
dist/assets/system-workspace-DFxSWG7C.js                                               33.89 kB │ gzip:   7.61 kB
dist/assets/index-D5vG4nbD.js                                                          34.63 kB │ gzip:   9.42 kB
dist/assets/index-Bfyt6lDN.js                                                          38.98 kB │ gzip:  13.56 kB
dist/assets/vue-draggable-plus-C6Jm40au.js                                             41.70 kB │ gzip:  14.38 kB
dist/assets/index-BkBM1Qpu.js                                                          43.97 kB │ gzip:  13.26 kB
dist/assets/tree-select-DQvVmcdM.js                                                    53.69 kB │ gzip:  18.19 kB
dist/assets/index-C8HwuWm_.js                                                          64.50 kB │ gzip:  21.76 kB
dist/assets/index-DJOQOds0.js                                                          74.80 kB │ gzip:  29.03 kB
dist/assets/el-table-column-DYysOyZh.js                                                75.01 kB │ gzip:  24.97 kB
dist/assets/index-CS7CLKAJ.js                                                          85.83 kB │ gzip:  22.84 kB
dist/assets/index-DXwc1uWz.js                                                         284.43 kB │ gzip:  77.35 kB
dist/assets/index-C-iNFtK4.js                                                         421.01 kB │ gzip: 140.96 kB
dist/assets/index-BtS17SFX.js                                                         562.45 kB │ gzip: 191.29 kB
dist/assets/echarts-DSKumXTW.js                                                       748.03 kB │ gzip: 244.46 kB
dist/assets/index.vue_vue_type_style_index_0_lang-B2soZNJT.js                         813.97 kB │ gzip: 275.60 kB
dist/assets/index-81207EAg.js                                                       1,477.53 kB │ gzip: 482.92 kB
✓ built in 1m 15s
