🚀 API_URL = https://m1.apifoxmock.com/m1/6400575-6097373-default
🚀 VERSION = 3.0.2
vite v7.1.7 building for production...
transforming...
✓ 3547 modules transformed.
rendering chunks...
computing gzip size...
dist/index.html                                                                         1.35 kB │ gzip:   0.76 kB
dist/assets/login_icon-C4TVlUS8.svg                                                     4.23 kB │ gzip:   1.48 kB
dist/assets/favicon-C1KazUkF.ico                                                        4.29 kB
dist/assets/403-BdWuHcJA.svg                                                            4.61 kB │ gzip:   1.55 kB
dist/assets/yd-BrGqJ6Cs.png                                                             4.63 kB
dist/assets/sd-C0PQtrty.png                                                             4.75 kB
dist/assets/500-DANzffU6.svg                                                            4.93 kB │ gzip:   1.76 kB
dist/assets/404-BzxNMzaO.svg                                                            5.12 kB │ gzip:   1.94 kB
dist/assets/icon4-DoSzj0bv.webp                                                         5.76 kB
dist/assets/icon3-T3qq4dG7.webp                                                         5.87 kB
dist/assets/icon6-WLywVSyq.webp                                                         6.31 kB
dist/assets/icon2-CpZimU24.webp                                                         6.71 kB
dist/assets/img1-D1-edq2V.webp                                                          7.52 kB
dist/assets/icon5-BXFopm_n.webp                                                         7.93 kB
dist/assets/icon7-Bv7tEJJc.webp                                                         8.18 kB
dist/assets/img7-4tHQ8_RR.webp                                                          8.69 kB
dist/assets/img9-C5GNNLTv.webp                                                          9.21 kB
dist/assets/img5-O9OJMad4.webp                                                          9.48 kB
dist/assets/img8-B6h2fA3L.webp                                                          9.58 kB
dist/assets/img4-puXkhAjD.webp                                                          9.83 kB
dist/assets/icon1-DYDLnOGV.webp                                                        10.08 kB
dist/assets/img6-PBedqv72.webp                                                         10.90 kB
dist/assets/draw1-Ce1WF34i.png                                                         11.32 kB
dist/assets/img3-2dukXPv_.webp                                                         12.13 kB
dist/assets/bg-DrCBEYh-.webp                                                           12.35 kB
dist/assets/img2-B4YC9Se8.webp                                                         14.02 kB
dist/assets/lf_icon2-CrdSAdav.webp                                                     25.02 kB
dist/assets/bg_light-WsVMpqKz.webp                                                     67.25 kB
dist/assets/bg_dark-BoZNsetB.webp                                                      70.59 kB
dist/assets/el-tooltip-tn0RQdqM.css                                                     0.00 kB │ gzip:   0.02 kB
dist/assets/el-checkbox-group-D_6SYB2i.css                                              0.05 kB │ gzip:   0.07 kB
dist/assets/taxonomy-drawer-B18X9Vba.css                                                0.07 kB │ gzip:   0.08 kB
dist/assets/system-workspace-CkoPU4k8.css                                               0.07 kB │ gzip:   0.09 kB
dist/assets/el-radio-group-BzMpJalG.css                                                 0.08 kB │ gzip:   0.09 kB
dist/assets/trial-management-Bpe6VU0H.css                                               0.09 kB │ gzip:   0.10 kB
dist/assets/tree-JjlKdx0k.css                                                           0.09 kB │ gzip:   0.10 kB
dist/assets/retired-reports-B63r4G2H.css                                                0.10 kB │ gzip:   0.10 kB
dist/assets/finance-subject-c5UO6ptf.css                                                0.11 kB │ gzip:   0.11 kB
dist/assets/index-BOP8kJTH.css                                                          0.14 kB │ gzip:   0.13 kB
dist/assets/index-Bi61WUqM.css                                                          0.16 kB │ gzip:   0.13 kB
dist/assets/el-space-3oFudasq.css                                                       0.16 kB │ gzip:   0.12 kB
dist/assets/el-overlay-Db7iXMEX.css                                                     0.16 kB │ gzip:   0.14 kB
dist/assets/new-user-CrtQcHjJ.css                                                       0.17 kB │ gzip:   0.14 kB
dist/assets/index-bO8ksejU.css                                                          0.19 kB │ gzip:   0.12 kB
dist/assets/settlement-table-BF-99rLg.css                                               0.20 kB │ gzip:   0.16 kB
dist/assets/index-DB9jCkwp.css                                                          0.23 kB │ gzip:   0.17 kB
dist/assets/index-BfDzIQfa.css                                                          0.27 kB │ gzip:   0.20 kB
dist/assets/index-BUZ8DTI6.css                                                          0.31 kB │ gzip:   0.17 kB
dist/assets/DemoLinks-BZE7eERD.css                                                      0.32 kB │ gzip:   0.22 kB
dist/assets/index-D07p6DwU.css                                                          0.38 kB │ gzip:   0.19 kB
dist/assets/game-rtp-panel-BvN4yofp.css                                                 0.39 kB │ gzip:   0.23 kB
dist/assets/index-Cx53zCnd.css                                                          0.40 kB │ gzip:   0.23 kB
dist/assets/index-DhSZwVCA.css                                                          0.41 kB │ gzip:   0.23 kB
dist/assets/el-row-C6BJsxyy.css                                                         0.49 kB │ gzip:   0.20 kB
dist/assets/game-limit-panel-C1k3ytWP.css                                               0.53 kB │ gzip:   0.26 kB
dist/assets/index-Dx2W-AD2.css                                                          0.57 kB │ gzip:   0.29 kB
dist/assets/index-Cq8Yoqt6.css                                                          0.58 kB │ gzip:   0.29 kB
dist/assets/index-Br80YMW2.css                                                          0.58 kB │ gzip:   0.29 kB
dist/assets/index-DtAA8jEq.css                                                          0.61 kB │ gzip:   0.34 kB
dist/assets/index-DasCUi03.css                                                          0.68 kB │ gzip:   0.36 kB
dist/assets/index-DJnjhMJ1.css                                                          0.71 kB │ gzip:   0.28 kB
dist/assets/index-fJ1jxMs7.css                                                          0.74 kB │ gzip:   0.39 kB
dist/assets/index-7OW53Q2j.css                                                          0.74 kB │ gzip:   0.40 kB
dist/assets/index-BXDqNY5f.css                                                          0.74 kB │ gzip:   0.31 kB
dist/assets/index-DAW78nRA.css                                                          0.75 kB │ gzip:   0.35 kB
dist/assets/index-w6qIsAxw.css                                                          0.81 kB │ gzip:   0.41 kB
dist/assets/index-DBRbL5Qs.css                                                          0.83 kB │ gzip:   0.31 kB
dist/assets/index-ClhYxjot.css                                                          0.83 kB │ gzip:   0.32 kB
dist/assets/index-DX00txb6.css                                                          0.85 kB │ gzip:   0.43 kB
dist/assets/el-card-fwQOLwdi.css                                                        0.86 kB │ gzip:   0.29 kB
dist/assets/el-avatar-BmRr_O8d.css                                                      0.88 kB │ gzip:   0.34 kB
dist/assets/index-DkH0G5xV.css                                                          0.88 kB │ gzip:   0.35 kB
dist/assets/detail-DsDI-96T.css                                                         0.89 kB │ gzip:   0.36 kB
dist/assets/index-DkGYMVoQ.css                                                          0.92 kB │ gzip:   0.34 kB
dist/assets/index-D5mjux0z.css                                                          1.02 kB │ gzip:   0.37 kB
dist/assets/AuthTopBar-CaGuxVf8.css                                                     1.03 kB │ gzip:   0.43 kB
dist/assets/index-Co-bgxMA.css                                                          1.04 kB │ gzip:   0.41 kB
dist/assets/el-text-3XkjT9nK.css                                                        1.05 kB │ gzip:   0.35 kB
dist/assets/index-z7g1M4-K.css                                                          1.13 kB │ gzip:   0.41 kB
dist/assets/game-audit-panel-CUZdEnlf.css                                               1.14 kB │ gzip:   0.46 kB
dist/assets/el-empty-D4ZqTl4F.css                                                       1.20 kB │ gzip:   0.47 kB
dist/assets/index-SqXpkpGV.css                                                          1.22 kB │ gzip:   0.47 kB
dist/assets/index-bjrPmF22.css                                                          1.26 kB │ gzip:   0.44 kB
dist/assets/detail-D29eZl2a.css                                                         1.31 kB │ gzip:   0.46 kB
dist/assets/el-scrollbar-BWxh-h6K.css                                                   1.33 kB │ gzip:   0.44 kB
dist/assets/el-popover-Cktl5fHm.css                                                     1.35 kB │ gzip:   0.42 kB
dist/assets/index-vj9_IGHp.css                                                          1.37 kB │ gzip:   0.43 kB
dist/assets/index-BSZzuoGv.css                                                          1.38 kB │ gzip:   0.50 kB
dist/assets/el-result-CLFeE-IU.css                                                      1.46 kB │ gzip:   0.38 kB
dist/assets/game-asset-uploader-X5y15BBT.css                                            1.48 kB │ gzip:   0.54 kB
dist/assets/index-RGs7dzNx.css                                                          1.48 kB │ gzip:   0.49 kB
dist/assets/index-CBpOLoQk.css                                                          1.49 kB │ gzip:   0.52 kB
dist/assets/index-B8CpU-xr.css                                                          1.50 kB │ gzip:   0.52 kB
dist/assets/index-aycEy_NC.css                                                          1.52 kB │ gzip:   0.52 kB
dist/assets/detail-D6Ra7Ji_.css                                                         1.56 kB │ gzip:   0.54 kB
dist/assets/index-D_33WYvd.css                                                          1.61 kB │ gzip:   0.53 kB
dist/assets/index-D-7FBvGe.css                                                          1.67 kB │ gzip:   0.55 kB
dist/assets/el-option-BHqzF8z9.css                                                      1.68 kB │ gzip:   0.64 kB
dist/assets/create-X3erjklb.css                                                         1.76 kB │ gzip:   0.58 kB
dist/assets/index-BhXB47oD.css                                                          1.77 kB │ gzip:   0.64 kB
dist/assets/game-basic-panel-Cda56-wx.css                                               1.79 kB │ gzip:   0.58 kB
dist/assets/index-B_E-wwnR.css                                                          1.98 kB │ gzip:   0.59 kB
dist/assets/index-CMPuwUgy.css                                                          1.99 kB │ gzip:   0.63 kB
dist/assets/index-Bgf43FFJ.css                                                          2.01 kB │ gzip:   0.62 kB
dist/assets/index-C5rYpSsQ.css                                                          2.01 kB │ gzip:   0.55 kB
dist/assets/detail-bLjFnqca.css                                                         2.02 kB │ gzip:   0.56 kB
dist/assets/index-DJaSH54E.css                                                          2.04 kB │ gzip:   0.68 kB
dist/assets/index-B7oblv3n.css                                                          2.05 kB │ gzip:   0.70 kB
dist/assets/index-DkYiz5i7.css                                                          2.05 kB │ gzip:   0.59 kB
dist/assets/index-p5mPO7rG.css                                                          2.07 kB │ gzip:   0.63 kB
dist/assets/index-DjYvJyYQ.css                                                          2.15 kB │ gzip:   0.78 kB
dist/assets/el-popper-D1i0e6ba.css                                                      2.21 kB │ gzip:   0.52 kB
dist/assets/index-ECGQYH1I.css                                                          2.25 kB │ gzip:   0.67 kB
dist/assets/index-BjkJbVUd.css                                                          2.30 kB │ gzip:   0.68 kB
dist/assets/index-DgaiRRUZ.css                                                          2.35 kB │ gzip:   0.70 kB
dist/assets/index-GDUsWA1B.css                                                          2.50 kB │ gzip:   0.79 kB
dist/assets/el-progress-Dw9yTa91.css                                                    2.59 kB │ gzip:   0.76 kB
dist/assets/el-timeline-item-BvbJTz1y.css                                               2.60 kB │ gzip:   0.64 kB
dist/assets/img4-Dh4MhdCP.css                                                           2.62 kB │ gzip:   0.80 kB
dist/assets/index-CDDDnorJ.css                                                          2.65 kB │ gzip:   0.77 kB
dist/assets/detail-BvAL88-H.css                                                         2.71 kB │ gzip:   0.78 kB
dist/assets/detail-DGcEBduT.css                                                         2.75 kB │ gzip:   0.76 kB
dist/assets/create-CJFQq_BB.css                                                         2.76 kB │ gzip:   0.85 kB
dist/assets/index-FT-lMGhB.css                                                          2.77 kB │ gzip:   0.97 kB
dist/assets/index-9BhB1zP5.css                                                          2.77 kB │ gzip:   0.97 kB
dist/assets/differences-CVTrLU8c.css                                                    2.78 kB │ gzip:   0.75 kB
dist/assets/index-C4VELuNO.css                                                          2.79 kB │ gzip:   0.83 kB
dist/assets/overview-BwxxcWb0.css                                                       2.89 kB │ gzip:   0.73 kB
dist/assets/index-CllhD-dB.css                                                          2.89 kB │ gzip:   0.81 kB
dist/assets/create-BTnzUwuN.css                                                         3.09 kB │ gzip:   0.94 kB
dist/assets/detail-BWFrFzAr.css                                                         3.13 kB │ gzip:   0.84 kB
dist/assets/detail-Co0TW9n2.css                                                         3.14 kB │ gzip:   0.88 kB
dist/assets/detail-BIhu6HQR.css                                                         3.17 kB │ gzip:   0.84 kB
dist/assets/index-C93XvKeM.css                                                          3.18 kB │ gzip:   0.89 kB
dist/assets/el-radio-button-CSkroacn.css                                                3.25 kB │ gzip:   0.77 kB
dist/assets/index-pMEr6xZB.css                                                          3.28 kB │ gzip:   0.88 kB
dist/assets/el-button-group-ePhtJS9H.css                                                3.30 kB │ gzip:   0.46 kB
dist/assets/index-CrYNDesq.css                                                          3.37 kB │ gzip:   0.86 kB
dist/assets/index-CCsB2IfO.css                                                          3.41 kB │ gzip:   0.83 kB
dist/assets/el-descriptions-item-o9ObloqJ.css                                           3.42 kB │ gzip:   0.60 kB
dist/assets/index-Dv_OnLT0.css                                                          3.44 kB │ gzip:   1.02 kB
dist/assets/el-alert-G57rL0jl.css                                                       3.46 kB │ gzip:   0.75 kB
dist/assets/el-drawer-BhCnIJJ3.css                                                      3.51 kB │ gzip:   0.88 kB
dist/assets/el-dialog-DyK7vRzj.css                                                      3.53 kB │ gzip:   0.98 kB
dist/assets/index-CCgQy74t.css                                                          3.70 kB │ gzip:   1.01 kB
dist/assets/el-dropdown-item-h8USmNax.css                                               3.89 kB │ gzip:   0.91 kB
dist/assets/el-switch-B5lTGWdM.css                                                      3.94 kB │ gzip:   0.96 kB
dist/assets/currency-detail-D_DHLVox.css                                                4.03 kB │ gzip:   1.01 kB
dist/assets/index-CDMVdVzb.css                                                          4.25 kB │ gzip:   1.41 kB
dist/assets/el-radio-BuDgLcOG.css                                                       4.31 kB │ gzip:   0.91 kB
dist/assets/el-input-number-D6iOyBgb.css                                                4.34 kB │ gzip:   0.91 kB
dist/assets/create-DhgtJrBr.css                                                         4.41 kB │ gzip:   1.12 kB
dist/assets/el-collapse-item-D4LG0FJ0.css                                               4.64 kB │ gzip:   0.98 kB
dist/assets/el-step-BBhkl3Wt.css                                                        4.66 kB │ gzip:   1.17 kB
dist/assets/message-CIxGxpAv.css                                                        4.69 kB │ gzip:   1.06 kB
dist/assets/el-form-item-BWkJzdQ_.css                                                   4.75 kB │ gzip:   0.89 kB
dist/assets/overlay-D80Dkf6C.css                                                        4.89 kB │ gzip:   1.21 kB
dist/assets/el-tree-C2sTlbKd.css                                                        4.91 kB │ gzip:   1.11 kB
dist/assets/index-D1XvkZl5.css                                                          5.35 kB │ gzip:   1.20 kB
dist/assets/el-tag-DljBBxJR.css                                                         5.52 kB │ gzip:   0.87 kB
dist/assets/tag-CtW1DIiB.css                                                            5.87 kB │ gzip:   0.88 kB
dist/assets/detail-D8SvTbm7.css                                                         5.93 kB │ gzip:   1.38 kB
dist/assets/index-C7z7jbZe.css                                                          5.94 kB │ gzip:   1.40 kB
dist/assets/el-checkbox-DIj50LEB.css                                                    6.53 kB │ gzip:   1.21 kB
dist/assets/el-pagination-BNQcHhjS.css                                                  6.58 kB │ gzip:   1.17 kB
dist/assets/el-color-picker-panel-zG3lrnKK.css                                          7.05 kB │ gzip:   1.54 kB
dist/assets/dropdown-menu-DZNPa9HE.css                                                  7.22 kB │ gzip:   1.27 kB
dist/assets/el-select-DdmnTlAY.css                                                      8.25 kB │ gzip:   1.92 kB
dist/assets/input-BUa0-RC6.css                                                         10.55 kB │ gzip:   1.74 kB
dist/assets/LoginLeftView-DK0dda1l.css                                                 10.74 kB │ gzip:   1.81 kB
dist/assets/el-input-tPmZxDKr.css                                                      10.83 kB │ gzip:   1.74 kB
dist/assets/index-3f4AKCsY.css                                                         11.43 kB │ gzip:   2.38 kB
dist/assets/el-upload-q8uObtwj.css                                                     11.46 kB │ gzip:   2.07 kB
dist/assets/index-wywGMzvX.css                                                         14.06 kB │ gzip:   2.53 kB
dist/assets/el-tab-pane-BLUvaGkK.css                                                   14.83 kB │ gzip:   2.25 kB
dist/assets/index-T-lbGpFz.css                                                         15.41 kB │ gzip:   3.54 kB
dist/assets/el-button-CDqfIFiK.css                                                     15.58 kB │ gzip:   1.93 kB
dist/assets/button-DnPLJipQ.css                                                        15.68 kB │ gzip:   1.93 kB
dist/assets/index-Jj6CNJN3.css                                                         17.15 kB │ gzip:   3.04 kB
dist/assets/el-table-column-CKoPG0Y8.css                                               18.06 kB │ gzip:   2.87 kB
dist/assets/index-CNLwSxeQ.css                                                         20.10 kB │ gzip:   3.49 kB
dist/assets/el-date-picker-panel-BhfPqR_w.css                                          28.61 kB │ gzip:   4.15 kB
dist/assets/index-DJnFaoKL.css                                                         36.52 kB │ gzip:   6.11 kB
dist/assets/index-CfPtBhMe.css                                                         36.98 kB │ gzip:   6.70 kB
dist/assets/el-col-DD1Vn-Yu.css                                                        38.68 kB │ gzip:   3.75 kB
dist/assets/tree-select-Dp8ixnpr.css                                                   84.59 kB │ gzip:  12.28 kB
dist/assets/index-CWlBiL59.css                                                        117.32 kB │ gzip:  21.37 kB
dist/assets/refs-Cw5r5QN8.js                                                            0.06 kB │ gzip:   0.08 kB
dist/assets/emojo-Ben6gd8J.js                                                           0.06 kB │ gzip:   0.08 kB
dist/assets/bg_dark-DojzJvQT.js                                                         0.07 kB │ gzip:   0.09 kB
dist/assets/token-DWNpOE8r.js                                                           0.08 kB │ gzip:   0.08 kB
dist/assets/event-BwRzfsZt.js                                                           0.08 kB │ gzip:   0.09 kB
dist/assets/validator-Dwmxr4TW.js                                                       0.09 kB │ gzip:   0.10 kB
dist/assets/cloneDeep-DjnT8Nh_.js                                                       0.09 kB │ gzip:   0.10 kB
dist/assets/_plugin-vue_export-helper-BCo6x5W8.js                                       0.09 kB │ gzip:   0.10 kB
dist/assets/castArray-Cqqhx04p.js                                                       0.14 kB │ gzip:   0.14 kB
dist/assets/strings-DCRCx6T5.js                                                         0.15 kB │ gzip:   0.15 kB
dist/assets/formEnum-BLgiZVxV.js                                                        0.15 kB │ gzip:   0.15 kB
dist/assets/error-D_Dr4eZ1.js                                                           0.15 kB │ gzip:   0.14 kB
dist/assets/index-CtRg_tKu.js                                                           0.17 kB │ gzip:   0.17 kB
dist/assets/isArrayLikeObject-vH0xkLEW.js                                               0.19 kB │ gzip:   0.17 kB
dist/assets/about-project-C5J945g9.js                                                   0.20 kB │ gzip:   0.15 kB
dist/assets/img4-JpqBH3JO.js                                                            0.21 kB │ gzip:   0.14 kB
dist/assets/icon4-BVfZs0YA.js                                                           0.22 kB │ gzip:   0.15 kB
dist/assets/list-query-HM-niBWG.js                                                      0.24 kB │ gzip:   0.21 kB
dist/assets/active-user-CWsscf1R.js                                                     0.26 kB │ gzip:   0.18 kB
dist/assets/total-revenue-1k8K5Sbh.js                                                   0.26 kB │ gzip:   0.18 kB
dist/assets/sales-overview-BDiNcqX6.js                                                  0.26 kB │ gzip:   0.18 kB
dist/assets/visitor-insights-cr4rxgvQ.js                                                0.26 kB │ gzip:   0.18 kB
dist/assets/volume-service-level-CLv4ZbQv.js                                            0.27 kB │ gzip:   0.19 kB
dist/assets/customer-satisfaction-BuZ6v5Op.js                                           0.27 kB │ gzip:   0.18 kB
dist/assets/clamp-D6GJJ2jN.js                                                           0.27 kB │ gzip:   0.19 kB
dist/assets/index-Bagdbyfl.js                                                           0.28 kB │ gzip:   0.24 kB
dist/assets/index-DlWWcHvl.js                                                           0.28 kB │ gzip:   0.24 kB
dist/assets/index-DBDoskdm.js                                                           0.28 kB │ gzip:   0.25 kB
dist/assets/index-CAd_e93L.js                                                           0.28 kB │ gzip:   0.25 kB
dist/assets/index-DY36UzFy.js                                                           0.28 kB │ gzip:   0.25 kB
dist/assets/dynamic-stats-F06Q0sEM.js                                                   0.29 kB │ gzip:   0.20 kB
dist/assets/card-list-CfGCrnTp.js                                                       0.32 kB │ gzip:   0.19 kB
dist/assets/today-sales-31oKsoqH.js                                                     0.32 kB │ gzip:   0.19 kB
dist/assets/hot-commodity-vOohRjNC.js                                                   0.32 kB │ gzip:   0.19 kB
dist/assets/target-vs-reality-DMxpZHo4.js                                               0.33 kB │ gzip:   0.20 kB
dist/assets/banner-CtqS__hL.js                                                          0.33 kB │ gzip:   0.19 kB
dist/assets/useAuth-BPZFTri2.js                                                         0.34 kB │ gzip:   0.26 kB
dist/assets/index-2Dwu_1nf.js                                                           0.37 kB │ gzip:   0.29 kB
dist/assets/recent-transaction-BPT5TIaR.js                                              0.39 kB │ gzip:   0.24 kB
dist/assets/index-B1FzZ0L_.js                                                           0.42 kB │ gzip:   0.30 kB
dist/assets/cart-conversion-rate-B8FEOoID.js                                            0.48 kB │ gzip:   0.38 kB
dist/assets/todo-list-BwEzj7vu.js                                                       0.51 kB │ gzip:   0.28 kB
dist/assets/toNumber-DjHFKRrT.js                                                        0.54 kB │ gzip:   0.36 kB
dist/assets/raf-Crwx9z8Z.js                                                             0.54 kB │ gzip:   0.35 kB
dist/assets/transaction-list-BASD1Xfw.js                                                0.58 kB │ gzip:   0.30 kB
dist/assets/index-DvKeQOPd.js                                                           0.59 kB │ gzip:   0.34 kB
dist/assets/use-form-common-props-CgWLiAy2.js                                           0.64 kB │ gzip:   0.36 kB
dist/assets/sales-mapping-by-country-BBpHZImH.js                                        0.67 kB │ gzip:   0.48 kB
dist/assets/total-products-BDUcvPyq.js                                                  0.68 kB │ gzip:   0.47 kB
dist/assets/useLayoutHeight-p9oGmgc8.js                                                 0.68 kB │ gzip:   0.42 kB
dist/assets/sales-trend-CGtqzhb_.js                                                     0.69 kB │ gzip:   0.48 kB
dist/assets/sales-overview.vue_vue_type_script_setup_true_lang-C46sw3ym.js              0.71 kB │ gzip:   0.49 kB
dist/assets/total-revenue.vue_vue_type_script_setup_true_lang-DY7xzGpp.js               0.73 kB │ gzip:   0.51 kB
dist/assets/volume-service-level.vue_vue_type_script_setup_true_lang-DRCE1Cp7.js        0.76 kB │ gzip:   0.51 kB
dist/assets/customer-satisfaction.vue_vue_type_script_setup_true_lang-CkiA6xso.js       0.77 kB │ gzip:   0.53 kB
dist/assets/total-order-volume-BHKTazrl.js                                              0.77 kB │ gzip:   0.56 kB
dist/assets/visitor-insights.vue_vue_type_script_setup_true_lang-5rpnZoAu.js            0.78 kB │ gzip:   0.53 kB
dist/assets/index-CYp3Jmiu.js                                                           0.80 kB │ gzip:   0.50 kB
dist/assets/index-CItYaTvH.js                                                           0.86 kB │ gzip:   0.52 kB
dist/assets/product-sales-nQ8MJfCT.js                                                   0.86 kB │ gzip:   0.54 kB
dist/assets/sales-growth-D-UQrtIu.js                                                    0.88 kB │ gzip:   0.55 kB
dist/assets/recent-transaction.vue_vue_type_script_setup_true_lang-M-fQbmcw.js          0.90 kB │ gzip:   0.58 kB
dist/assets/index.vue_vue_type_script_setup_true_lang-B7zhfipY.js                       0.93 kB │ gzip:   0.57 kB
dist/assets/index-Cc_z7qzF.js                                                           0.94 kB │ gzip:   0.52 kB
dist/assets/role-permission-dialog-B9i4w--E.js                                          0.96 kB │ gzip:   0.44 kB
dist/assets/ArtException.vue_vue_type_script_setup_true_lang-DTV3rKJS.js                0.98 kB │ gzip:   0.61 kB
dist/assets/finance-subject-CpHOg3Lc.js                                                 1.00 kB │ gzip:   0.70 kB
dist/assets/transaction-list.vue_vue_type_script_setup_true_lang-5xlPXdHC.js            1.01 kB │ gzip:   0.61 kB
dist/assets/use-form-item-B03_Z4aK.js                                                   1.02 kB │ gzip:   0.56 kB
dist/assets/role-edit-dialog-Dij9CCo2.js                                                1.03 kB │ gzip:   0.49 kB
dist/assets/Iframe-B7hJOuMV.js                                                          1.03 kB │ gzip:   0.61 kB
dist/assets/debounce-B8N6JlhW.js                                                        1.04 kB │ gzip:   0.56 kB
dist/assets/index-BVBiIRVE.js                                                           1.05 kB │ gzip:   0.61 kB
dist/assets/index-aNEyq7I8.js                                                           1.07 kB │ gzip:   0.64 kB
dist/assets/index-DOR7zjzZ.js                                                           1.07 kB │ gzip:   0.61 kB
dist/assets/index-DrGCl14I.js                                                           1.07 kB │ gzip:   0.61 kB
dist/assets/index-C-RwScu8.js                                                           1.07 kB │ gzip:   0.61 kB
dist/assets/_baseIteratee-D-Qavwki.js                                                   1.13 kB │ gzip:   0.60 kB
dist/assets/vnode-BuksNZ7m.js                                                           1.14 kB │ gzip:   0.61 kB
dist/assets/_flatRest-BmIGYbKS.js                                                       1.16 kB │ gzip:   0.63 kB
dist/assets/scroll-Bn5f4gm3.js                                                          1.19 kB │ gzip:   0.62 kB
dist/assets/active-user.vue_vue_type_script_setup_true_lang-DFQb5u0G.js                 1.20 kB │ gzip:   0.81 kB
dist/assets/index-ej7Pkdb0.js                                                           1.29 kB │ gzip:   0.60 kB
dist/assets/el-row-B8aL6Lbg.js                                                          1.31 kB │ gzip:   0.73 kB
dist/assets/aria-Dle50h-X.js                                                            1.37 kB │ gzip:   0.73 kB
dist/assets/index-BOMyKAyp.js                                                           1.37 kB │ gzip:   0.71 kB
dist/assets/annual-sales-bvgnNMEx.js                                                    1.37 kB │ gzip:   0.73 kB
dist/assets/index-BYqRh_XN.js                                                           1.40 kB │ gzip:   0.76 kB
dist/assets/_initCloneObject-DHrydzOW.js                                                1.40 kB │ gzip:   0.71 kB
dist/assets/about-project.vue_vue_type_script_setup_true_lang-k94RRs6c.js               1.40 kB │ gzip:   0.96 kB
dist/assets/game-batch-tag-dialog-DyY4ZT_h.js                                           1.41 kB │ gzip:   0.61 kB
dist/assets/todo-list.vue_vue_type_script_setup_true_lang-CuvlUUGx.js                   1.44 kB │ gzip:   0.78 kB
dist/assets/sales-classification-DPDEw3A2.js                                            1.46 kB │ gzip:   0.80 kB
dist/assets/index-DsmxlVZq.js                                                           1.47 kB │ gzip:   0.76 kB
dist/assets/index-BS3Niqj8.js                                                           1.50 kB │ gzip:   0.81 kB
dist/assets/el-card-Dcjp2xzq.js                                                         1.50 kB │ gzip:   0.74 kB
dist/assets/banner.vue_vue_type_script_setup_true_lang-C-ggHin-.js                      1.51 kB │ gzip:   0.84 kB
dist/assets/index.vue_vue_type_script_setup_true_lang-BuSLKqRX.js                       1.52 kB │ gzip:   0.79 kB
dist/assets/ArtResultPage.vue_vue_type_script_setup_true_lang-D3b6V3Ym.js               1.53 kB │ gzip:   0.85 kB
dist/assets/user-dialog-9gppXyN-.js                                                     1.54 kB │ gzip:   0.65 kB
dist/assets/dynamic-stats.vue_vue_type_script_setup_true_lang-Cs0iblh-.js               1.54 kB │ gzip:   0.86 kB
dist/assets/top-products-ltUK4GeW.js                                                    1.57 kB │ gzip:   0.65 kB
dist/assets/index.vue_vue_type_script_setup_true_lang-BVpHRXdC.js                       1.59 kB │ gzip:   0.85 kB
dist/assets/index-CKQUn3Pt.js                                                           1.60 kB │ gzip:   0.96 kB
dist/assets/user-search.vue_vue_type_script_setup_true_lang-4KgLjQRB.js                 1.61 kB │ gzip:   0.86 kB
dist/assets/hot-products-list-C9OvM7t3.js                                               1.61 kB │ gzip:   0.67 kB
dist/assets/card-list.vue_vue_type_script_setup_true_lang-COzxaT6Z.js                   1.62 kB │ gzip:   0.91 kB
dist/assets/target-vs-reality.vue_vue_type_script_setup_true_lang-Bn90UoPb.js           1.63 kB │ gzip:   0.88 kB
dist/assets/el-avatar-ZJxfPT6j.js                                                       1.67 kB │ gzip:   0.91 kB
dist/assets/index-Cu8Gvqu2.js                                                           1.68 kB │ gzip:   0.96 kB
dist/assets/hot-commodity.vue_vue_type_script_setup_true_lang-DjEAx8-J.js               1.72 kB │ gzip:   0.91 kB
dist/assets/top-products.vue_vue_type_script_setup_true_lang-DJVzIbAl.js                1.72 kB │ gzip:   0.94 kB
dist/assets/role-search-B7mby90A.js                                                     1.79 kB │ gzip:   0.77 kB
dist/assets/user-search-2zP6vREF.js                                                     1.79 kB │ gzip:   0.77 kB
dist/assets/role-search.vue_vue_type_script_setup_true_lang-D-J5Ka1g.js                 1.79 kB │ gzip:   0.94 kB
dist/assets/el-col-D1vExr3x.js                                                          1.79 kB │ gzip:   0.85 kB
dist/assets/el-result-Bj6nx1hb.js                                                       1.79 kB │ gzip:   0.83 kB
dist/assets/index-C8DNbvjV.js                                                           1.80 kB │ gzip:   0.99 kB
dist/assets/index.vue_vue_type_script_setup_true_lang-D7ZU0-3w.js                       1.83 kB │ gzip:   0.93 kB
dist/assets/index-CgMMqQLg.js                                                           1.87 kB │ gzip:   0.96 kB
dist/assets/index-D53OYYeH.js                                                           1.89 kB │ gzip:   1.04 kB
dist/assets/index-rFbjLUEO.js                                                           1.90 kB │ gzip:   1.06 kB
dist/assets/index.vue_vue_type_script_setup_true_lang-CugWAb9m.js                       1.91 kB │ gzip:   1.04 kB
dist/assets/avatar10-Dom60BwY.js                                                        1.93 kB │ gzip:   1.50 kB
dist/assets/menu-dialog-DoHcUS41.js                                                     2.00 kB │ gzip:   0.81 kB
dist/assets/index-CIjYrzNf.js                                                           2.04 kB │ gzip:   0.76 kB
dist/assets/retired-reports-CUAmGkiu.js                                                 2.07 kB │ gzip:   1.34 kB
dist/assets/today-sales.vue_vue_type_script_setup_true_lang-D4ziNit2.js                 2.20 kB │ gzip:   1.14 kB
dist/assets/el-timeline-item-DyPaE8TU.js                                                2.22 kB │ gzip:   1.00 kB
dist/assets/index-DY00bV_H.js                                                           2.22 kB │ gzip:   1.20 kB
dist/assets/index-grD7bkFG.js                                                           2.29 kB │ gzip:   1.05 kB
dist/assets/LoginLeftView-DR2h3jG_.js                                                   2.37 kB │ gzip:   0.85 kB
dist/assets/index-D0XCMNeu.js                                                           2.43 kB │ gzip:   0.99 kB
dist/assets/index.vue_vue_type_script_setup_true_lang-DvVcnZd3.js                       2.43 kB │ gzip:   1.15 kB
dist/assets/index.vue_vue_type_script_setup_true_lang-BsGGETCv.js                       2.44 kB │ gzip:   1.20 kB
dist/assets/useTableColumns-DooyhypI.js                                                 2.46 kB │ gzip:   1.04 kB
dist/assets/index-DS5kTwyh.js                                                           2.47 kB │ gzip:   1.12 kB
dist/assets/index.vue_vue_type_script_setup_true_lang-BmR4ADlQ.js                       2.51 kB │ gzip:   1.25 kB
dist/assets/index-DAE8pHBj.js                                                           2.53 kB │ gzip:   1.38 kB
dist/assets/el-space-DOo3p2cB.js                                                        2.54 kB │ gzip:   1.20 kB
dist/assets/el-alert-BOkGogAY.js                                                        2.55 kB │ gzip:   1.19 kB
dist/assets/merchant-demo-DITtl-6-.js                                                   2.63 kB │ gzip:   1.20 kB
dist/assets/trial-management-CWd1UUAA.js                                                2.72 kB │ gzip:   1.24 kB
dist/assets/avatar-pR7-E1hl.js                                                          2.89 kB │ gzip:   2.23 kB
dist/assets/basic-DH6lXJ97.js                                                           2.94 kB │ gzip:   1.40 kB
dist/assets/_baseClone-BltWg7xv.js                                                      3.02 kB │ gzip:   1.27 kB
dist/assets/hot-products-list.vue_vue_type_script_setup_true_lang-nhl0hO0-.js           3.03 kB │ gzip:   1.54 kB
dist/assets/index-NgLwqcYH.js                                                           3.04 kB │ gzip:   1.75 kB
dist/assets/index.vue_vue_type_script_setup_true_lang-CrbQ0NUb.js                       3.07 kB │ gzip:   1.31 kB
dist/assets/index-DCGG6fn5.js                                                           3.10 kB │ gzip:   1.50 kB
dist/assets/avatar1-CutlWZf5.js                                                         3.11 kB │ gzip:   2.40 kB
dist/assets/sd-1u45Prz5.js                                                              3.13 kB │ gzip:   2.15 kB
dist/assets/game-audit-panel-EZvg6qW1.js                                                3.14 kB │ gzip:   1.67 kB
dist/assets/index-of2Qflcf.js                                                           3.15 kB │ gzip:   1.57 kB
dist/assets/index.vue_vue_type_script_setup_true_lang-B-5NGEdI.js                       3.19 kB │ gzip:   1.37 kB
dist/assets/index-DYw5r0_R.js                                                           3.21 kB │ gzip:   1.47 kB
dist/assets/index-BC9YgqHW.js                                                           3.26 kB │ gzip:   1.46 kB
dist/assets/role-edit-dialog.vue_vue_type_script_setup_true_lang-BQK5uucI.js            3.26 kB │ gzip:   1.39 kB
dist/assets/index.vue_vue_type_script_setup_true_lang-B4Bqyrbx.js                       3.43 kB │ gzip:   1.62 kB
dist/assets/AuthTopBar-C7vBoaND.js                                                      3.49 kB │ gzip:   1.70 kB
dist/assets/index-vuW1u6Ad.js                                                           3.50 kB │ gzip:   1.30 kB
dist/assets/el-popover-B4ChRUMK.js                                                      3.51 kB │ gzip:   1.53 kB
dist/assets/index-BaCMMO1i.js                                                           3.52 kB │ gzip:   1.64 kB
dist/assets/index-BTEZQvqy.js                                                           3.55 kB │ gzip:   1.69 kB
dist/assets/game-batch-tag-dialog.vue_vue_type_script_setup_true_lang--4BaaBya.js       3.58 kB │ gzip:   1.65 kB
dist/assets/user-dialog.vue_vue_type_script_setup_true_lang-C8M2EPfb.js                 3.62 kB │ gzip:   1.63 kB
dist/assets/role-permission-dialog.vue_vue_type_script_setup_true_lang-B_Nm8KAn.js      3.63 kB │ gzip:   1.74 kB
dist/assets/settlement-table-Du5uhrap.js                                                3.63 kB │ gzip:   1.75 kB
dist/assets/index-C27uNFBL.js                                                           3.71 kB │ gzip:   1.33 kB
dist/assets/formData-Cd6BXK-M.js                                                        3.80 kB │ gzip:   1.22 kB
dist/assets/index-wKZT4Q5R.js                                                           4.07 kB │ gzip:   1.97 kB
dist/assets/new-user-Cteh9Fni.js                                                        4.13 kB │ gzip:   1.89 kB
dist/assets/index-B82nmidz.js                                                           4.22 kB │ gzip:   2.11 kB
dist/assets/index-BkQLvCVl.js                                                           4.23 kB │ gzip:   1.82 kB
dist/assets/index-BWSuDwyK.js                                                           4.26 kB │ gzip:   2.28 kB
dist/assets/index-SftgCmcS.js                                                           4.50 kB │ gzip:   1.85 kB
dist/assets/index-CgLm8q49.js                                                           4.55 kB │ gzip:   1.95 kB
dist/assets/el-step-D_WzPPep.js                                                         4.57 kB │ gzip:   1.86 kB
dist/assets/index-B55GsTAx.js                                                           4.57 kB │ gzip:   1.57 kB
dist/assets/el-overlay-DeGhJ-p_.js                                                      4.66 kB │ gzip:   1.83 kB
dist/assets/game-asset-uploader-CrngIjZl.js                                             4.66 kB │ gzip:   2.36 kB
dist/assets/index-BNQR1Om2.js                                                           4.66 kB │ gzip:   1.56 kB
dist/assets/index-D4u-Cc3I.js                                                           4.73 kB │ gzip:   1.98 kB
dist/assets/el-empty-BfoNJC17.js                                                        4.82 kB │ gzip:   1.68 kB
dist/assets/index.vue_vue_type_script_setup_true_lang-CCQ3PThA.js                       4.86 kB │ gzip:   1.95 kB
dist/assets/index-CgJq2LoY.js                                                           4.98 kB │ gzip:   2.38 kB
dist/assets/el-collapse-item-D7u8JMZX.js                                                5.01 kB │ gzip:   2.19 kB
dist/assets/el-drawer-kN0hDCNH.js                                                       5.05 kB │ gzip:   2.30 kB
dist/assets/index-mVn5tuGF.js                                                           5.11 kB │ gzip:   2.05 kB
dist/assets/el-dialog-DMt8vRfb.js                                                       5.13 kB │ gzip:   2.22 kB
dist/assets/index-CFdeHSHx.js                                                           5.17 kB │ gzip:   1.93 kB
dist/assets/el-descriptions-item-vj6PSYDe.js                                            5.28 kB │ gzip:   2.09 kB
dist/assets/index-4arZ4oQY.js                                                           5.32 kB │ gzip:   2.49 kB
dist/assets/useHeaderBar-FpWVcnxG.js                                                    5.39 kB │ gzip:   3.66 kB
dist/assets/approvalCenter-CRP6zL1-.js                                                  5.40 kB │ gzip:   2.29 kB
dist/assets/index-D9Q0TwGs.js                                                           5.45 kB │ gzip:   2.46 kB
dist/assets/index-DG8WVoRk.js                                                           5.54 kB │ gzip:   2.23 kB
dist/assets/platformSystem-9upnutuL.js                                                  5.56 kB │ gzip:   2.74 kB
dist/assets/index-D2-2jfbo.js                                                           5.60 kB │ gzip:   2.83 kB
dist/assets/index-Dy5mrDei.js                                                           5.79 kB │ gzip:   2.53 kB
dist/assets/el-radio-C6I80X5S.js                                                        5.88 kB │ gzip:   2.31 kB
dist/assets/useChart-ChPsTXo6.js                                                        5.97 kB │ gzip:   2.62 kB
dist/assets/gameCatalog-BkQvyNvj.js                                                     6.09 kB │ gzip:   2.38 kB
dist/assets/index-Bw48kwFY.js                                                           6.13 kB │ gzip:   2.87 kB
dist/assets/index-BunauaJW.js                                                           6.29 kB │ gzip:   2.56 kB
dist/assets/index-ThAFE4Qu.js                                                           6.29 kB │ gzip:   2.62 kB
dist/assets/index-CRPFYT21.js                                                           6.35 kB │ gzip:   2.85 kB
dist/assets/index-ByaKkwbc.js                                                           6.39 kB │ gzip:   3.72 kB
dist/assets/index-DmIwJ9VX.js                                                           6.50 kB │ gzip:   2.60 kB
dist/assets/index-DG8r76c9.js                                                           6.63 kB │ gzip:   2.90 kB
dist/assets/index-DzYbfYoM.js                                                           6.79 kB │ gzip:   2.91 kB
dist/assets/index-MH9ymJcz.js                                                           6.79 kB │ gzip:   3.03 kB
dist/assets/tree-BBOrT632.js                                                            6.85 kB │ gzip:   3.02 kB
dist/assets/index.vue_vue_type_script_setup_true_lang-LYg-JvHr.js                       6.94 kB │ gzip:   2.90 kB
dist/assets/platformLocale-BO9n9KAJ.js                                                  6.96 kB │ gzip:   2.12 kB
dist/assets/memberCenter-C5gz-y8r.js                                                    7.04 kB │ gzip:   2.69 kB
dist/assets/index-DezPgJrE.js                                                           7.17 kB │ gzip:   3.35 kB
dist/assets/financeSettings-DtmNZ5m7.js                                                 7.21 kB │ gzip:   3.16 kB
dist/assets/index-BGb7eNi2.js                                                           7.25 kB │ gzip:   3.36 kB
dist/assets/index-DbZrDUOJ.js                                                           7.26 kB │ gzip:   3.00 kB
dist/assets/index-D1oodFvq.js                                                           7.26 kB │ gzip:   2.94 kB
dist/assets/index-Cd5jua0k.js                                                           7.34 kB │ gzip:   3.41 kB
dist/assets/menu-dialog.vue_vue_type_script_setup_true_lang-DoUWnYW6.js                 7.44 kB │ gzip:   3.25 kB
dist/assets/reportCenter-CCsgPvqo.js                                                    7.49 kB │ gzip:   2.77 kB
dist/assets/index-qHupZ8r2.js                                                           7.54 kB │ gzip:   3.11 kB
dist/assets/index-CumOqNiV.js                                                           7.69 kB │ gzip:   3.09 kB
dist/assets/index-D4DgF7qt.js                                                           7.95 kB │ gzip:   3.17 kB
dist/assets/index-1O5DTO9Y.js                                                           7.98 kB │ gzip:   3.46 kB
dist/assets/agent-drawer-Ua-tUVJn.js                                                    8.13 kB │ gzip:   3.19 kB
dist/assets/avatar6-VNTlcTK9.js                                                         8.15 kB │ gzip:   6.07 kB
dist/assets/transactionCenter-CXV0kEvt.js                                               8.47 kB │ gzip:   3.66 kB
dist/assets/overview-Cw5eS9sZ.js                                                        8.51 kB │ gzip:   3.40 kB
dist/assets/index-CXbKQAc6.js                                                           8.53 kB │ gzip:   3.29 kB
dist/assets/index-CGd02DOn.js                                                           8.70 kB │ gzip:   3.28 kB
dist/assets/index-CS4JjdAy.js                                                           9.11 kB │ gzip:   3.81 kB
dist/assets/index-1smrKQuK.js                                                           9.15 kB │ gzip:   3.78 kB
dist/assets/index-BFg7IK7N.js                                                           9.20 kB │ gzip:   3.72 kB
dist/assets/index-DFsR_nuF.js                                                           9.46 kB │ gzip:   3.79 kB
dist/assets/game-rtp-panel-DldrOiHa.js                                                  9.81 kB │ gzip:   3.94 kB
dist/assets/index-C2nGgF9X.js                                                           9.90 kB │ gzip:   4.27 kB
dist/assets/detail-CN0XNJya.js                                                          9.94 kB │ gzip:   4.15 kB
dist/assets/index-CHN5Kr6i.js                                                          10.06 kB │ gzip:   3.50 kB
dist/assets/detail-BXQ32uN3.js                                                         10.25 kB │ gzip:   4.16 kB
dist/assets/index-CF8QBrrm.js                                                          10.33 kB │ gzip:   4.43 kB
dist/assets/index-BxyJKOxB.js                                                          10.51 kB │ gzip:   4.47 kB
dist/assets/taxonomy-drawer-BO3cCBs0.js                                                10.62 kB │ gzip:   4.08 kB
dist/assets/customParseFormat-c9CfIHxL.js                                              10.75 kB │ gzip:   4.57 kB
dist/assets/index-Bswf8Gsq.js                                                          10.94 kB │ gzip:   4.45 kB
dist/assets/index-Bl_3w6OS.js                                                          11.02 kB │ gzip:   4.23 kB
dist/assets/avatar9-oKrDyQhv.js                                                        11.24 kB │ gzip:   8.45 kB
dist/assets/index-BE24iHYt.js                                                          11.27 kB │ gzip:   4.18 kB
dist/assets/platformAccess-C2ZoQGIn.js                                                 11.31 kB │ gzip:   4.09 kB
dist/assets/jackpotCenter-CSlgowkP.js                                                  11.49 kB │ gzip:   4.43 kB
dist/assets/index-Clci5hso.js                                                          11.49 kB │ gzip:   4.61 kB
dist/assets/overlay-jQIkC1df.js                                                        11.60 kB │ gzip:   4.29 kB
dist/assets/index-hNxASygd.js                                                          11.73 kB │ gzip:   4.48 kB
dist/assets/index-DHPOcfz1.js                                                          11.76 kB │ gzip:   4.29 kB
dist/assets/el-tab-pane-DmEuYdgm.js                                                    11.77 kB │ gzip:   4.94 kB
dist/assets/el-pagination-BDchTxSA.js                                                  12.17 kB │ gzip:   4.12 kB
dist/assets/riskCenter-T92vn0DS.js                                                     12.45 kB │ gzip:   4.64 kB
dist/assets/detail-Bc799fnW.js                                                         12.49 kB │ gzip:   4.73 kB
dist/assets/index-BMy3SdgF.js                                                          12.58 kB │ gzip:   5.49 kB
dist/assets/index-C8145_Fw.js                                                          12.62 kB │ gzip:   4.87 kB
dist/assets/index-Dh1j6SNW.js                                                          12.68 kB │ gzip:   4.88 kB
dist/assets/useReportFourTabs-D7JSg5UY.js                                              12.70 kB │ gzip:   5.41 kB
dist/assets/index-DCixGF6_.js                                                          12.80 kB │ gzip:   4.48 kB
dist/assets/index-QSpE4ROA.js                                                          12.99 kB │ gzip:   5.43 kB
dist/assets/index-CqFx5z5Q.js                                                          13.23 kB │ gzip:   5.23 kB
dist/assets/index-BT30Y9j7.js                                                          13.65 kB │ gzip:   5.51 kB
dist/assets/search-bar-D7vhwU4h.js                                                     13.70 kB │ gzip:   5.13 kB
dist/assets/index-DKo4OMbK.js                                                          13.77 kB │ gzip:   4.96 kB
dist/assets/index-BItMr_lo.js                                                          13.90 kB │ gzip:   5.60 kB
dist/assets/create-d2K_Y0tk.js                                                         14.37 kB │ gzip:   5.12 kB
dist/assets/index-CcPOxgje.js                                                          14.56 kB │ gzip:   5.62 kB
dist/assets/index-CwHj8wkV.js                                                          14.74 kB │ gzip:   5.75 kB
dist/assets/detail-BDVe5ro_.js                                                         14.82 kB │ gzip:   5.32 kB
dist/assets/differences-Bk1tVusk.js                                                    14.95 kB │ gzip:   5.45 kB
dist/assets/index-BPMxO1Zq.js                                                          15.09 kB │ gzip:   5.41 kB
dist/assets/game-limit-panel-BBZ6DLSc.js                                               15.15 kB │ gzip:   5.56 kB
dist/assets/index-B-movZgC.js                                                          15.33 kB │ gzip:   5.32 kB
dist/assets/detail-CZ5JYeP_.js                                                         15.48 kB │ gzip:   5.97 kB
dist/assets/index-BpsU9ssf.js                                                          15.54 kB │ gzip:   4.27 kB
dist/assets/useTable-gy5wVJDv.js                                                       16.08 kB │ gzip:   6.95 kB
dist/assets/index-D4cYyj33.js                                                          16.17 kB │ gzip:   5.74 kB
dist/assets/el-dropdown-item-D6HbFGjH.js                                               16.41 kB │ gzip:   5.61 kB
dist/assets/index-BEnbBbFC.js                                                          16.52 kB │ gzip:   5.59 kB
dist/assets/index-BWk7zPTa.js                                                          16.68 kB │ gzip:   5.48 kB
dist/assets/index-DOrTkWNV.js                                                          16.84 kB │ gzip:   6.60 kB
dist/assets/index-BJG1ciii.js                                                          17.11 kB │ gzip:   5.07 kB
dist/assets/index-Dsr6t7W5.js                                                          17.40 kB │ gzip:   6.66 kB
dist/assets/modules-iUkQZUOi.js                                                        17.49 kB │ gzip:   5.29 kB
dist/assets/create-CxTayDgE.js                                                         17.49 kB │ gzip:   6.17 kB
dist/assets/index-pyr7jI6R.js                                                          17.61 kB │ gzip:   6.25 kB
dist/assets/index-ruI6lUa8.js                                                          17.63 kB │ gzip:   5.94 kB
dist/assets/DemoLinks-B_MgGGUA.js                                                      17.81 kB │ gzip:   6.40 kB
dist/assets/el-color-picker-panel-99_jn-KJ.js                                          17.82 kB │ gzip:   6.04 kB
dist/assets/game-basic-panel-N5yo-0fE.js                                               18.19 kB │ gzip:   5.60 kB
dist/assets/providerDemo-CP0nGFwf.js                                                   18.44 kB │ gzip:   7.28 kB
dist/assets/create-BuqkfhxR.js                                                         18.61 kB │ gzip:   6.97 kB
dist/assets/index-BW1yLFQ9.js                                                          18.69 kB │ gzip:   7.41 kB
dist/assets/create-BLqEDUjd.js                                                         18.69 kB │ gzip:   6.79 kB
dist/assets/index.vue_vue_type_script_setup_true_lang-DqNqk4V7.js                      18.89 kB │ gzip:   7.23 kB
dist/assets/index-DCaFj472.js                                                          19.57 kB │ gzip:   7.22 kB
dist/assets/index-BXJbmuvM.js                                                          19.78 kB │ gzip:   6.70 kB
dist/assets/index-CTFrtpAp.js                                                          19.96 kB │ gzip:   7.07 kB
dist/assets/el-button-CtpFoqFT.js                                                      19.99 kB │ gzip:   6.93 kB
dist/assets/financeCenter-fcLz_Y37.js                                                  20.82 kB │ gzip:   6.50 kB
dist/assets/index-RQxkmQHc.js                                                          20.91 kB │ gzip:   7.69 kB
dist/assets/index-xowX8kMh.js                                                          21.01 kB │ gzip:   6.36 kB
dist/assets/index-BHiGXtj2.js                                                          21.15 kB │ gzip:   7.41 kB
dist/assets/businessPartner-Bx1g_vSn.js                                                21.19 kB │ gzip:   6.03 kB
dist/assets/index-BJ717rcx.js                                                          22.40 kB │ gzip:   7.73 kB
dist/assets/index-BCb6JHMx.js                                                          22.49 kB │ gzip:  12.77 kB
dist/assets/detail-BYkdR4aS.js                                                         24.39 kB │ gzip:   8.01 kB
dist/assets/detail-DJIPj_0c.js                                                         24.90 kB │ gzip:   7.93 kB
dist/assets/detail-B8RJyvRG.js                                                         25.36 kB │ gzip:   8.53 kB
dist/assets/currency-detail-CFTE-Wz4.js                                                25.40 kB │ gzip:   9.61 kB
dist/assets/index-DJ47STCZ.js                                                          25.98 kB │ gzip:   9.03 kB
dist/assets/index-C71Jxapi.js                                                          26.60 kB │ gzip:   8.72 kB
dist/assets/index-CGUX90EX.js                                                          27.05 kB │ gzip:   8.38 kB
dist/assets/el-form-item-fyL2_z36.js                                                   27.20 kB │ gzip:   9.13 kB
dist/assets/index-Cued7tBj.js                                                          28.14 kB │ gzip:  10.00 kB
dist/assets/detail-p3jswD9E.js                                                         28.40 kB │ gzip:   9.01 kB
dist/assets/el-option-JgIa6yVd.js                                                      28.82 kB │ gzip:   9.60 kB
dist/assets/index-qavU1QjC.js                                                          29.02 kB │ gzip:   9.34 kB
dist/assets/detail-D2dkvihU.js                                                         30.10 kB │ gzip:   9.12 kB
dist/assets/system-workspace-BYsW-Yvc.js                                               33.89 kB │ gzip:   7.59 kB
dist/assets/index-cH2UElrp.js                                                          34.63 kB │ gzip:   9.42 kB
dist/assets/index-jtL14Eqm.js                                                          38.98 kB │ gzip:  13.56 kB
dist/assets/vue-draggable-plus-C-Bg-pPM.js                                             41.70 kB │ gzip:  14.38 kB
dist/assets/index-9WoJNSWf.js                                                          43.97 kB │ gzip:  13.26 kB
dist/assets/tree-select-DgUFZ_Mu.js                                                    53.69 kB │ gzip:  18.19 kB
dist/assets/index-7erpvZLQ.js                                                          64.12 kB │ gzip:  21.64 kB
dist/assets/index-DpL5tstp.js                                                          74.80 kB │ gzip:  29.02 kB
dist/assets/el-table-column-_tO1j_mN.js                                                75.01 kB │ gzip:  24.96 kB
dist/assets/index-_J-40m3m.js                                                          85.83 kB │ gzip:  22.84 kB
dist/assets/index-CMRicT9j.js                                                         284.43 kB │ gzip:  77.35 kB
dist/assets/index-CEG0H5m6.js                                                         421.01 kB │ gzip: 140.96 kB
dist/assets/index-DUJxaHPn.js                                                         562.45 kB │ gzip: 191.30 kB
dist/assets/echarts-DSKumXTW.js                                                       748.03 kB │ gzip: 244.46 kB
dist/assets/index.vue_vue_type_style_index_0_lang-DUyuNmqy.js                         813.97 kB │ gzip: 275.60 kB
dist/assets/index-DI5oUqCP.js                                                       1,477.53 kB │ gzip: 482.89 kB
✓ built in 1m 30s
