🚀 API_URL = https://m1.apifoxmock.com/m1/6400575-6097373-default
🚀 VERSION = 3.0.2
vite v7.1.7 building for production...
transforming...
✓ 3547 modules transformed.
rendering chunks...
computing gzip size...
dist/index.html                                                                         1.35 kB │ gzip:   0.76 kB
dist/assets/login_icon-C4TVlUS8.svg                                                     4.23 kB │ gzip:   1.48 kB
dist/assets/favicon-C1KazUkF.ico                                                        4.29 kB
dist/assets/403-BdWuHcJA.svg                                                            4.61 kB │ gzip:   1.55 kB
dist/assets/yd-BrGqJ6Cs.png                                                             4.63 kB
dist/assets/sd-C0PQtrty.png                                                             4.75 kB
dist/assets/500-DANzffU6.svg                                                            4.93 kB │ gzip:   1.76 kB
dist/assets/404-BzxNMzaO.svg                                                            5.12 kB │ gzip:   1.94 kB
dist/assets/icon4-DoSzj0bv.webp                                                         5.76 kB
dist/assets/icon3-T3qq4dG7.webp                                                         5.87 kB
dist/assets/icon6-WLywVSyq.webp                                                         6.31 kB
dist/assets/icon2-CpZimU24.webp                                                         6.71 kB
dist/assets/img1-D1-edq2V.webp                                                          7.52 kB
dist/assets/icon5-BXFopm_n.webp                                                         7.93 kB
dist/assets/icon7-Bv7tEJJc.webp                                                         8.18 kB
dist/assets/img7-4tHQ8_RR.webp                                                          8.69 kB
dist/assets/img9-C5GNNLTv.webp                                                          9.21 kB
dist/assets/img5-O9OJMad4.webp                                                          9.48 kB
dist/assets/img8-B6h2fA3L.webp                                                          9.58 kB
dist/assets/img4-puXkhAjD.webp                                                          9.83 kB
dist/assets/icon1-DYDLnOGV.webp                                                        10.08 kB
dist/assets/img6-PBedqv72.webp                                                         10.90 kB
dist/assets/draw1-Ce1WF34i.png                                                         11.32 kB
dist/assets/img3-2dukXPv_.webp                                                         12.13 kB
dist/assets/bg-DrCBEYh-.webp                                                           12.35 kB
dist/assets/img2-B4YC9Se8.webp                                                         14.02 kB
dist/assets/lf_icon2-CrdSAdav.webp                                                     25.02 kB
dist/assets/bg_light-WsVMpqKz.webp                                                     67.25 kB
dist/assets/bg_dark-BoZNsetB.webp                                                      70.59 kB
dist/assets/el-tooltip-tn0RQdqM.css                                                     0.00 kB │ gzip:   0.02 kB
dist/assets/el-checkbox-group-D_6SYB2i.css                                              0.05 kB │ gzip:   0.07 kB
dist/assets/taxonomy-drawer-B18X9Vba.css                                                0.07 kB │ gzip:   0.08 kB
dist/assets/system-workspace-CkoPU4k8.css                                               0.07 kB │ gzip:   0.09 kB
dist/assets/el-radio-group-BzMpJalG.css                                                 0.08 kB │ gzip:   0.09 kB
dist/assets/trial-management-Bpe6VU0H.css                                               0.09 kB │ gzip:   0.10 kB
dist/assets/tree-JjlKdx0k.css                                                           0.09 kB │ gzip:   0.10 kB
dist/assets/retired-reports-B63r4G2H.css                                                0.10 kB │ gzip:   0.10 kB
dist/assets/finance-subject-c5UO6ptf.css                                                0.11 kB │ gzip:   0.11 kB
dist/assets/index-BOP8kJTH.css                                                          0.14 kB │ gzip:   0.13 kB
dist/assets/index-Bi61WUqM.css                                                          0.16 kB │ gzip:   0.13 kB
dist/assets/el-space-3oFudasq.css                                                       0.16 kB │ gzip:   0.12 kB
dist/assets/el-overlay-Db7iXMEX.css                                                     0.16 kB │ gzip:   0.14 kB
dist/assets/new-user-CrtQcHjJ.css                                                       0.17 kB │ gzip:   0.14 kB
dist/assets/index-bO8ksejU.css                                                          0.19 kB │ gzip:   0.12 kB
dist/assets/settlement-table-BF-99rLg.css                                               0.20 kB │ gzip:   0.16 kB
dist/assets/index-DB9jCkwp.css                                                          0.23 kB │ gzip:   0.17 kB
dist/assets/index-BfDzIQfa.css                                                          0.27 kB │ gzip:   0.20 kB
dist/assets/index-BUZ8DTI6.css                                                          0.31 kB │ gzip:   0.17 kB
dist/assets/DemoLinks-BZE7eERD.css                                                      0.32 kB │ gzip:   0.22 kB
dist/assets/index-D07p6DwU.css                                                          0.38 kB │ gzip:   0.19 kB
dist/assets/game-rtp-panel-BvN4yofp.css                                                 0.39 kB │ gzip:   0.23 kB
dist/assets/index-Cx53zCnd.css                                                          0.40 kB │ gzip:   0.23 kB
dist/assets/index-DhSZwVCA.css                                                          0.41 kB │ gzip:   0.23 kB
dist/assets/el-row-C6BJsxyy.css                                                         0.49 kB │ gzip:   0.20 kB
dist/assets/game-limit-panel-C1k3ytWP.css                                               0.53 kB │ gzip:   0.26 kB
dist/assets/index-Dx2W-AD2.css                                                          0.57 kB │ gzip:   0.29 kB
dist/assets/index-Cq8Yoqt6.css                                                          0.58 kB │ gzip:   0.29 kB
dist/assets/index-Br80YMW2.css                                                          0.58 kB │ gzip:   0.29 kB
dist/assets/index-DtAA8jEq.css                                                          0.61 kB │ gzip:   0.34 kB
dist/assets/index-DasCUi03.css                                                          0.68 kB │ gzip:   0.36 kB
dist/assets/index-DJnjhMJ1.css                                                          0.71 kB │ gzip:   0.28 kB
dist/assets/index-fJ1jxMs7.css                                                          0.74 kB │ gzip:   0.39 kB
dist/assets/index-7OW53Q2j.css                                                          0.74 kB │ gzip:   0.40 kB
dist/assets/index-BXDqNY5f.css                                                          0.74 kB │ gzip:   0.31 kB
dist/assets/index-DAW78nRA.css                                                          0.75 kB │ gzip:   0.35 kB
dist/assets/index-w6qIsAxw.css                                                          0.81 kB │ gzip:   0.41 kB
dist/assets/index-DBRbL5Qs.css                                                          0.83 kB │ gzip:   0.31 kB
dist/assets/index-ClhYxjot.css                                                          0.83 kB │ gzip:   0.32 kB
dist/assets/index-DX00txb6.css                                                          0.85 kB │ gzip:   0.43 kB
dist/assets/el-card-fwQOLwdi.css                                                        0.86 kB │ gzip:   0.29 kB
dist/assets/el-avatar-BmRr_O8d.css                                                      0.88 kB │ gzip:   0.34 kB
dist/assets/index-DkH0G5xV.css                                                          0.88 kB │ gzip:   0.35 kB
dist/assets/detail-DsDI-96T.css                                                         0.89 kB │ gzip:   0.36 kB
dist/assets/index-DkGYMVoQ.css                                                          0.92 kB │ gzip:   0.34 kB
dist/assets/index-D5mjux0z.css                                                          1.02 kB │ gzip:   0.37 kB
dist/assets/AuthTopBar-CaGuxVf8.css                                                     1.03 kB │ gzip:   0.43 kB
dist/assets/index-Co-bgxMA.css                                                          1.04 kB │ gzip:   0.41 kB
dist/assets/el-text-3XkjT9nK.css                                                        1.05 kB │ gzip:   0.35 kB
dist/assets/index-z7g1M4-K.css                                                          1.13 kB │ gzip:   0.41 kB
dist/assets/game-audit-panel-CUZdEnlf.css                                               1.14 kB │ gzip:   0.46 kB
dist/assets/el-empty-D4ZqTl4F.css                                                       1.20 kB │ gzip:   0.47 kB
dist/assets/index-SqXpkpGV.css                                                          1.22 kB │ gzip:   0.47 kB
dist/assets/index-bjrPmF22.css                                                          1.26 kB │ gzip:   0.44 kB
dist/assets/detail-D29eZl2a.css                                                         1.31 kB │ gzip:   0.46 kB
dist/assets/el-scrollbar-BWxh-h6K.css                                                   1.33 kB │ gzip:   0.44 kB
dist/assets/el-popover-Cktl5fHm.css                                                     1.35 kB │ gzip:   0.42 kB
dist/assets/index-vj9_IGHp.css                                                          1.37 kB │ gzip:   0.43 kB
dist/assets/index-BSZzuoGv.css                                                          1.38 kB │ gzip:   0.50 kB
dist/assets/el-result-CLFeE-IU.css                                                      1.46 kB │ gzip:   0.38 kB
dist/assets/game-asset-uploader-X5y15BBT.css                                            1.48 kB │ gzip:   0.54 kB
dist/assets/index-RGs7dzNx.css                                                          1.48 kB │ gzip:   0.49 kB
dist/assets/index-CBpOLoQk.css                                                          1.49 kB │ gzip:   0.52 kB
dist/assets/index-B8CpU-xr.css                                                          1.50 kB │ gzip:   0.52 kB
dist/assets/index-aycEy_NC.css                                                          1.52 kB │ gzip:   0.52 kB
dist/assets/detail-D6Ra7Ji_.css                                                         1.56 kB │ gzip:   0.54 kB
dist/assets/index-D_33WYvd.css                                                          1.61 kB │ gzip:   0.53 kB
dist/assets/index-D-7FBvGe.css                                                          1.67 kB │ gzip:   0.55 kB
dist/assets/el-option-BHqzF8z9.css                                                      1.68 kB │ gzip:   0.64 kB
dist/assets/create-X3erjklb.css                                                         1.76 kB │ gzip:   0.58 kB
dist/assets/index-BhXB47oD.css                                                          1.77 kB │ gzip:   0.64 kB
dist/assets/game-basic-panel-Cda56-wx.css                                               1.79 kB │ gzip:   0.58 kB
dist/assets/index-B_E-wwnR.css                                                          1.98 kB │ gzip:   0.59 kB
dist/assets/index-CMPuwUgy.css                                                          1.99 kB │ gzip:   0.63 kB
dist/assets/index-Bgf43FFJ.css                                                          2.01 kB │ gzip:   0.62 kB
dist/assets/index-C5rYpSsQ.css                                                          2.01 kB │ gzip:   0.55 kB
dist/assets/detail-bLjFnqca.css                                                         2.02 kB │ gzip:   0.56 kB
dist/assets/index-DJaSH54E.css                                                          2.04 kB │ gzip:   0.68 kB
dist/assets/index-B7oblv3n.css                                                          2.05 kB │ gzip:   0.70 kB
dist/assets/index-DkYiz5i7.css                                                          2.05 kB │ gzip:   0.59 kB
dist/assets/index-p5mPO7rG.css                                                          2.07 kB │ gzip:   0.63 kB
dist/assets/index-DjYvJyYQ.css                                                          2.15 kB │ gzip:   0.78 kB
dist/assets/el-popper-D1i0e6ba.css                                                      2.21 kB │ gzip:   0.52 kB
dist/assets/index-ECGQYH1I.css                                                          2.25 kB │ gzip:   0.67 kB
dist/assets/index-BjkJbVUd.css                                                          2.30 kB │ gzip:   0.68 kB
dist/assets/index-DgaiRRUZ.css                                                          2.35 kB │ gzip:   0.70 kB
dist/assets/index-GDUsWA1B.css                                                          2.50 kB │ gzip:   0.79 kB
dist/assets/el-progress-Dw9yTa91.css                                                    2.59 kB │ gzip:   0.76 kB
dist/assets/el-timeline-item-BvbJTz1y.css                                               2.60 kB │ gzip:   0.64 kB
dist/assets/img4-Dh4MhdCP.css                                                           2.62 kB │ gzip:   0.80 kB
dist/assets/index-CDDDnorJ.css                                                          2.65 kB │ gzip:   0.77 kB
dist/assets/detail-BvAL88-H.css                                                         2.71 kB │ gzip:   0.78 kB
dist/assets/detail-DGcEBduT.css                                                         2.75 kB │ gzip:   0.76 kB
dist/assets/create-CJFQq_BB.css                                                         2.76 kB │ gzip:   0.85 kB
dist/assets/index-FT-lMGhB.css                                                          2.77 kB │ gzip:   0.97 kB
dist/assets/index-9BhB1zP5.css                                                          2.77 kB │ gzip:   0.97 kB
dist/assets/differences-CVTrLU8c.css                                                    2.78 kB │ gzip:   0.75 kB
dist/assets/index-C4VELuNO.css                                                          2.79 kB │ gzip:   0.83 kB
dist/assets/overview-BwxxcWb0.css                                                       2.89 kB │ gzip:   0.73 kB
dist/assets/index-CllhD-dB.css                                                          2.89 kB │ gzip:   0.81 kB
dist/assets/create-BTnzUwuN.css                                                         3.09 kB │ gzip:   0.94 kB
dist/assets/detail-BWFrFzAr.css                                                         3.13 kB │ gzip:   0.84 kB
dist/assets/detail-Co0TW9n2.css                                                         3.14 kB │ gzip:   0.88 kB
dist/assets/detail-BIhu6HQR.css                                                         3.17 kB │ gzip:   0.84 kB
dist/assets/index-C93XvKeM.css                                                          3.18 kB │ gzip:   0.89 kB
dist/assets/el-radio-button-CSkroacn.css                                                3.25 kB │ gzip:   0.77 kB
dist/assets/index-pMEr6xZB.css                                                          3.28 kB │ gzip:   0.88 kB
dist/assets/el-button-group-ePhtJS9H.css                                                3.30 kB │ gzip:   0.46 kB
dist/assets/index-CrYNDesq.css                                                          3.37 kB │ gzip:   0.86 kB
dist/assets/index-CCsB2IfO.css                                                          3.41 kB │ gzip:   0.83 kB
dist/assets/el-descriptions-item-o9ObloqJ.css                                           3.42 kB │ gzip:   0.60 kB
dist/assets/index-Dv_OnLT0.css                                                          3.44 kB │ gzip:   1.02 kB
dist/assets/el-alert-G57rL0jl.css                                                       3.46 kB │ gzip:   0.75 kB
dist/assets/el-drawer-BhCnIJJ3.css                                                      3.51 kB │ gzip:   0.88 kB
dist/assets/el-dialog-DyK7vRzj.css                                                      3.53 kB │ gzip:   0.98 kB
dist/assets/index-BNjG51hi.css                                                          3.78 kB │ gzip:   1.02 kB
dist/assets/el-dropdown-item-h8USmNax.css                                               3.89 kB │ gzip:   0.91 kB
dist/assets/el-switch-B5lTGWdM.css                                                      3.94 kB │ gzip:   0.96 kB
dist/assets/currency-detail-D_DHLVox.css                                                4.03 kB │ gzip:   1.01 kB
dist/assets/index-CDMVdVzb.css                                                          4.25 kB │ gzip:   1.41 kB
dist/assets/el-radio-BuDgLcOG.css                                                       4.31 kB │ gzip:   0.91 kB
dist/assets/el-input-number-D6iOyBgb.css                                                4.34 kB │ gzip:   0.91 kB
dist/assets/create-DhgtJrBr.css                                                         4.41 kB │ gzip:   1.12 kB
dist/assets/el-collapse-item-D4LG0FJ0.css                                               4.64 kB │ gzip:   0.98 kB
dist/assets/el-step-BBhkl3Wt.css                                                        4.66 kB │ gzip:   1.17 kB
dist/assets/message-CIxGxpAv.css                                                        4.69 kB │ gzip:   1.06 kB
dist/assets/el-form-item-BWkJzdQ_.css                                                   4.75 kB │ gzip:   0.89 kB
dist/assets/overlay-D80Dkf6C.css                                                        4.89 kB │ gzip:   1.21 kB
dist/assets/el-tree-C2sTlbKd.css                                                        4.91 kB │ gzip:   1.11 kB
dist/assets/index-D1XvkZl5.css                                                          5.35 kB │ gzip:   1.20 kB
dist/assets/el-tag-DljBBxJR.css                                                         5.52 kB │ gzip:   0.87 kB
dist/assets/tag-CtW1DIiB.css                                                            5.87 kB │ gzip:   0.88 kB
dist/assets/detail-D8SvTbm7.css                                                         5.93 kB │ gzip:   1.38 kB
dist/assets/index-C7z7jbZe.css                                                          5.94 kB │ gzip:   1.40 kB
dist/assets/el-checkbox-DIj50LEB.css                                                    6.53 kB │ gzip:   1.21 kB
dist/assets/el-pagination-BNQcHhjS.css                                                  6.58 kB │ gzip:   1.17 kB
dist/assets/el-color-picker-panel-zG3lrnKK.css                                          7.05 kB │ gzip:   1.54 kB
dist/assets/dropdown-menu-DZNPa9HE.css                                                  7.22 kB │ gzip:   1.27 kB
dist/assets/el-select-DdmnTlAY.css                                                      8.25 kB │ gzip:   1.92 kB
dist/assets/input-BUa0-RC6.css                                                         10.55 kB │ gzip:   1.74 kB
dist/assets/LoginLeftView-DK0dda1l.css                                                 10.74 kB │ gzip:   1.81 kB
dist/assets/el-input-tPmZxDKr.css                                                      10.83 kB │ gzip:   1.74 kB
dist/assets/index-3f4AKCsY.css                                                         11.43 kB │ gzip:   2.38 kB
dist/assets/el-upload-q8uObtwj.css                                                     11.46 kB │ gzip:   2.07 kB
dist/assets/index-wywGMzvX.css                                                         14.06 kB │ gzip:   2.53 kB
dist/assets/el-tab-pane-BLUvaGkK.css                                                   14.83 kB │ gzip:   2.25 kB
dist/assets/index-T-lbGpFz.css                                                         15.41 kB │ gzip:   3.54 kB
dist/assets/el-button-CDqfIFiK.css                                                     15.58 kB │ gzip:   1.93 kB
dist/assets/button-DnPLJipQ.css                                                        15.68 kB │ gzip:   1.93 kB
dist/assets/index-Jj6CNJN3.css                                                         17.15 kB │ gzip:   3.04 kB
dist/assets/el-table-column-CKoPG0Y8.css                                               18.06 kB │ gzip:   2.87 kB
dist/assets/index-CNLwSxeQ.css                                                         20.10 kB │ gzip:   3.49 kB
dist/assets/el-date-picker-panel-BhfPqR_w.css                                          28.61 kB │ gzip:   4.15 kB
dist/assets/index-DYIaM2N4.css                                                         36.70 kB │ gzip:   6.13 kB
dist/assets/index-CfPtBhMe.css                                                         36.98 kB │ gzip:   6.70 kB
dist/assets/el-col-DD1Vn-Yu.css                                                        38.68 kB │ gzip:   3.75 kB
dist/assets/tree-select-Dp8ixnpr.css                                                   84.59 kB │ gzip:  12.28 kB
dist/assets/index-CWlBiL59.css                                                        117.32 kB │ gzip:  21.37 kB
dist/assets/refs-Cw5r5QN8.js                                                            0.06 kB │ gzip:   0.08 kB
dist/assets/emojo-Ben6gd8J.js                                                           0.06 kB │ gzip:   0.08 kB
dist/assets/bg_dark-DojzJvQT.js                                                         0.07 kB │ gzip:   0.09 kB
dist/assets/token-DWNpOE8r.js                                                           0.08 kB │ gzip:   0.08 kB
dist/assets/event-BwRzfsZt.js                                                           0.08 kB │ gzip:   0.09 kB
dist/assets/validator-DCO72Qjh.js                                                       0.09 kB │ gzip:   0.10 kB
dist/assets/cloneDeep-DGIGvfpv.js                                                       0.09 kB │ gzip:   0.10 kB
dist/assets/_plugin-vue_export-helper-BCo6x5W8.js                                       0.09 kB │ gzip:   0.10 kB
dist/assets/castArray-rPuA8ohS.js                                                       0.14 kB │ gzip:   0.14 kB
dist/assets/strings-Cm-mFD4p.js                                                         0.15 kB │ gzip:   0.15 kB
dist/assets/formEnum-BLgiZVxV.js                                                        0.15 kB │ gzip:   0.15 kB
dist/assets/error-D_Dr4eZ1.js                                                           0.15 kB │ gzip:   0.14 kB
dist/assets/index-CVSyrmGQ.js                                                           0.17 kB │ gzip:   0.17 kB
dist/assets/isArrayLikeObject-B6pgYeac.js                                               0.19 kB │ gzip:   0.16 kB
dist/assets/about-project-D_F-QWmI.js                                                   0.20 kB │ gzip:   0.15 kB
dist/assets/img4-JpqBH3JO.js                                                            0.21 kB │ gzip:   0.14 kB
dist/assets/icon4-BVfZs0YA.js                                                           0.22 kB │ gzip:   0.15 kB
dist/assets/list-query-HM-niBWG.js                                                      0.24 kB │ gzip:   0.21 kB
dist/assets/active-user-BoQuBPt2.js                                                     0.26 kB │ gzip:   0.18 kB
dist/assets/total-revenue-MIP4vv-t.js                                                   0.26 kB │ gzip:   0.18 kB
dist/assets/sales-overview-Bfg5WApc.js                                                  0.26 kB │ gzip:   0.18 kB
dist/assets/visitor-insights-qMiIMaXq.js                                                0.26 kB │ gzip:   0.18 kB
dist/assets/volume-service-level-BXGjY11R.js                                            0.27 kB │ gzip:   0.19 kB
dist/assets/customer-satisfaction-CerKbjks.js                                           0.27 kB │ gzip:   0.18 kB
dist/assets/clamp-C3waj266.js                                                           0.27 kB │ gzip:   0.19 kB
dist/assets/index-BPrYkhLt.js                                                           0.28 kB │ gzip:   0.24 kB
dist/assets/index-BUQIO_aY.js                                                           0.28 kB │ gzip:   0.24 kB
dist/assets/index-BaUCHi6W.js                                                           0.28 kB │ gzip:   0.25 kB
dist/assets/index-DoMfAsOp.js                                                           0.28 kB │ gzip:   0.25 kB
dist/assets/index-qyaShw0H.js                                                           0.28 kB │ gzip:   0.25 kB
dist/assets/dynamic-stats-DLoCDPyW.js                                                   0.29 kB │ gzip:   0.20 kB
dist/assets/card-list-CKkfk4jP.js                                                       0.32 kB │ gzip:   0.19 kB
dist/assets/today-sales-bJ4PBcYn.js                                                     0.32 kB │ gzip:   0.19 kB
dist/assets/hot-commodity-CRc8Yf_Z.js                                                   0.32 kB │ gzip:   0.19 kB
dist/assets/target-vs-reality-xnRdjwya.js                                               0.33 kB │ gzip:   0.20 kB
dist/assets/banner-D3v3nD7O.js                                                          0.33 kB │ gzip:   0.19 kB
dist/assets/useAuth-BhX3wbIY.js                                                         0.34 kB │ gzip:   0.26 kB
dist/assets/index-Cv__-8d1.js                                                           0.37 kB │ gzip:   0.29 kB
dist/assets/recent-transaction-BVImSxxp.js                                              0.39 kB │ gzip:   0.24 kB
dist/assets/index-CNisRcwK.js                                                           0.42 kB │ gzip:   0.30 kB
dist/assets/cart-conversion-rate-JLQQSM3G.js                                            0.48 kB │ gzip:   0.39 kB
dist/assets/todo-list-Ccn7gNq8.js                                                       0.51 kB │ gzip:   0.28 kB
dist/assets/toNumber-iqYWhWGo.js                                                        0.54 kB │ gzip:   0.36 kB
dist/assets/raf-B_D3wWz0.js                                                             0.54 kB │ gzip:   0.35 kB
dist/assets/transaction-list-BwGilrZL.js                                                0.58 kB │ gzip:   0.30 kB
dist/assets/index-DR5OF7ya.js                                                           0.59 kB │ gzip:   0.34 kB
dist/assets/use-form-common-props-DuAa4AvZ.js                                           0.64 kB │ gzip:   0.35 kB
dist/assets/sales-mapping-by-country-DDZpiC5q.js                                        0.67 kB │ gzip:   0.48 kB
dist/assets/total-products-DwCZ4qqc.js                                                  0.68 kB │ gzip:   0.47 kB
dist/assets/useLayoutHeight-CTahd4ue.js                                                 0.68 kB │ gzip:   0.42 kB
dist/assets/sales-trend-BG4OL78u.js                                                     0.69 kB │ gzip:   0.48 kB
dist/assets/sales-overview.vue_vue_type_script_setup_true_lang-BjBpCN2k.js              0.71 kB │ gzip:   0.49 kB
dist/assets/total-revenue.vue_vue_type_script_setup_true_lang-2V5z8jFg.js               0.73 kB │ gzip:   0.51 kB
dist/assets/volume-service-level.vue_vue_type_script_setup_true_lang-WWv47q40.js        0.76 kB │ gzip:   0.51 kB
dist/assets/customer-satisfaction.vue_vue_type_script_setup_true_lang-ODfs8vuB.js       0.77 kB │ gzip:   0.53 kB
dist/assets/total-order-volume-DJbcpFDu.js                                              0.77 kB │ gzip:   0.56 kB
dist/assets/visitor-insights.vue_vue_type_script_setup_true_lang-BwUgueKz.js            0.78 kB │ gzip:   0.52 kB
dist/assets/index-C8zc18TL.js                                                           0.80 kB │ gzip:   0.49 kB
dist/assets/index-B3x6rqDG.js                                                           0.86 kB │ gzip:   0.52 kB
dist/assets/product-sales-CFddsfnX.js                                                   0.86 kB │ gzip:   0.53 kB
dist/assets/sales-growth-B97RxqAX.js                                                    0.88 kB │ gzip:   0.54 kB
dist/assets/recent-transaction.vue_vue_type_script_setup_true_lang-DbnBfBmz.js          0.90 kB │ gzip:   0.58 kB
dist/assets/index.vue_vue_type_script_setup_true_lang-CWjLmGWe.js                       0.93 kB │ gzip:   0.57 kB
dist/assets/index-C_faYMHN.js                                                           0.94 kB │ gzip:   0.52 kB
dist/assets/role-permission-dialog-BubZ-0wB.js                                          0.96 kB │ gzip:   0.43 kB
dist/assets/ArtException.vue_vue_type_script_setup_true_lang-BHOWo45H.js                0.98 kB │ gzip:   0.62 kB
dist/assets/finance-subject-WJzSXgaP.js                                                 1.00 kB │ gzip:   0.70 kB
dist/assets/transaction-list.vue_vue_type_script_setup_true_lang-BM_Pzq1N.js            1.01 kB │ gzip:   0.61 kB
dist/assets/use-form-item-W-d9Mk-8.js                                                   1.02 kB │ gzip:   0.56 kB
dist/assets/role-edit-dialog-CoUYsHIK.js                                                1.03 kB │ gzip:   0.49 kB
dist/assets/Iframe-scO_FRkU.js                                                          1.03 kB │ gzip:   0.61 kB
dist/assets/debounce-DKYBtTon.js                                                        1.04 kB │ gzip:   0.56 kB
dist/assets/index-D9TXxhwH.js                                                           1.05 kB │ gzip:   0.61 kB
dist/assets/index-BhnYoaOU.js                                                           1.07 kB │ gzip:   0.64 kB
dist/assets/index-DCx-pN60.js                                                           1.07 kB │ gzip:   0.61 kB
dist/assets/index-CmrWIIIj.js                                                           1.07 kB │ gzip:   0.61 kB
dist/assets/index-B2rO_vsA.js                                                           1.07 kB │ gzip:   0.61 kB
dist/assets/_baseIteratee-CnQAOe5y.js                                                   1.13 kB │ gzip:   0.59 kB
dist/assets/vnode-CFH4poWL.js                                                           1.14 kB │ gzip:   0.61 kB
dist/assets/_flatRest-BueOSB7h.js                                                       1.16 kB │ gzip:   0.63 kB
dist/assets/scroll-3chuYMfI.js                                                          1.19 kB │ gzip:   0.62 kB
dist/assets/active-user.vue_vue_type_script_setup_true_lang-5QoWlODb.js                 1.20 kB │ gzip:   0.81 kB
dist/assets/index-DDtkXHyi.js                                                           1.29 kB │ gzip:   0.60 kB
dist/assets/el-row-Zv0S8zYO.js                                                          1.31 kB │ gzip:   0.73 kB
dist/assets/aria-Dle50h-X.js                                                            1.37 kB │ gzip:   0.73 kB
dist/assets/index-CmnOjwH0.js                                                           1.37 kB │ gzip:   0.71 kB
dist/assets/annual-sales-q5ZL4oj_.js                                                    1.37 kB │ gzip:   0.72 kB
dist/assets/index-BbrA5DlM.js                                                           1.40 kB │ gzip:   0.76 kB
dist/assets/_initCloneObject-Bx6eI1kC.js                                                1.40 kB │ gzip:   0.71 kB
dist/assets/about-project.vue_vue_type_script_setup_true_lang-64Y0x1as.js               1.40 kB │ gzip:   0.96 kB
dist/assets/game-batch-tag-dialog-BzUAFGkF.js                                           1.41 kB │ gzip:   0.60 kB
dist/assets/todo-list.vue_vue_type_script_setup_true_lang-tvI-V86w.js                   1.44 kB │ gzip:   0.78 kB
dist/assets/sales-classification-DKhVkeFa.js                                            1.46 kB │ gzip:   0.80 kB
dist/assets/index-CRYxojB7.js                                                           1.47 kB │ gzip:   0.76 kB
dist/assets/index-WmYV6FlJ.js                                                           1.50 kB │ gzip:   0.81 kB
dist/assets/el-card-Dmjs51tz.js                                                         1.50 kB │ gzip:   0.74 kB
dist/assets/banner.vue_vue_type_script_setup_true_lang-DQsw_v36.js                      1.51 kB │ gzip:   0.84 kB
dist/assets/index.vue_vue_type_script_setup_true_lang-DSt8Kjod.js                       1.52 kB │ gzip:   0.78 kB
dist/assets/ArtResultPage.vue_vue_type_script_setup_true_lang-Dac84GQl.js               1.53 kB │ gzip:   0.84 kB
dist/assets/user-dialog-CqrcciLY.js                                                     1.54 kB │ gzip:   0.65 kB
dist/assets/dynamic-stats.vue_vue_type_script_setup_true_lang-BQqcRAph.js               1.54 kB │ gzip:   0.86 kB
dist/assets/top-products-EovptPSo.js                                                    1.57 kB │ gzip:   0.64 kB
dist/assets/index.vue_vue_type_script_setup_true_lang-1XFczp4v.js                       1.59 kB │ gzip:   0.85 kB
dist/assets/index-B8rN9cxO.js                                                           1.60 kB │ gzip:   0.96 kB
dist/assets/user-search.vue_vue_type_script_setup_true_lang-CO-rVSKI.js                 1.61 kB │ gzip:   0.86 kB
dist/assets/hot-products-list-DenxJrW7.js                                               1.61 kB │ gzip:   0.66 kB
dist/assets/card-list.vue_vue_type_script_setup_true_lang-jn11fxVK.js                   1.62 kB │ gzip:   0.91 kB
dist/assets/target-vs-reality.vue_vue_type_script_setup_true_lang-CCwnijBV.js           1.63 kB │ gzip:   0.88 kB
dist/assets/el-avatar-Cfm_xCUR.js                                                       1.67 kB │ gzip:   0.91 kB
dist/assets/index-CASqPnh4.js                                                           1.68 kB │ gzip:   0.96 kB
dist/assets/hot-commodity.vue_vue_type_script_setup_true_lang-CZLZZ-eV.js               1.72 kB │ gzip:   0.90 kB
dist/assets/top-products.vue_vue_type_script_setup_true_lang-BEAmMBDu.js                1.72 kB │ gzip:   0.94 kB
dist/assets/role-search-Cz2uBeJB.js                                                     1.79 kB │ gzip:   0.76 kB
dist/assets/user-search-D-S5Xmj6.js                                                     1.79 kB │ gzip:   0.76 kB
dist/assets/role-search.vue_vue_type_script_setup_true_lang-CYnDRoiU.js                 1.79 kB │ gzip:   0.94 kB
dist/assets/el-col-Bh1SissP.js                                                          1.79 kB │ gzip:   0.85 kB
dist/assets/el-result-CgSJ7LBa.js                                                       1.79 kB │ gzip:   0.83 kB
dist/assets/index-CwIw6wO_.js                                                           1.80 kB │ gzip:   0.99 kB
dist/assets/index.vue_vue_type_script_setup_true_lang-CPxr9c2D.js                       1.83 kB │ gzip:   0.93 kB
dist/assets/index-Crm1jGlP.js                                                           1.87 kB │ gzip:   0.96 kB
dist/assets/index-DEW454dC.js                                                           1.89 kB │ gzip:   1.04 kB
dist/assets/index-DTHffp-3.js                                                           1.90 kB │ gzip:   1.06 kB
dist/assets/index.vue_vue_type_script_setup_true_lang-BNC6qw_z.js                       1.91 kB │ gzip:   1.03 kB
dist/assets/avatar10-Dom60BwY.js                                                        1.93 kB │ gzip:   1.50 kB
dist/assets/menu-dialog-BSs4PJU0.js                                                     2.00 kB │ gzip:   0.80 kB
dist/assets/index-CW2edHoR.js                                                           2.04 kB │ gzip:   0.75 kB
dist/assets/retired-reports-DU6UsH8p.js                                                 2.07 kB │ gzip:   1.34 kB
dist/assets/today-sales.vue_vue_type_script_setup_true_lang-CkyxOWVY.js                 2.20 kB │ gzip:   1.14 kB
dist/assets/el-timeline-item-Dcp5bBGd.js                                                2.22 kB │ gzip:   1.00 kB
dist/assets/index-BANa1X8D.js                                                           2.22 kB │ gzip:   1.20 kB
dist/assets/index-DvlfQYnF.js                                                           2.29 kB │ gzip:   1.05 kB
dist/assets/LoginLeftView-Di0l9NOc.js                                                   2.37 kB │ gzip:   0.85 kB
dist/assets/index-jC0n9gt8.js                                                           2.43 kB │ gzip:   0.99 kB
dist/assets/index.vue_vue_type_script_setup_true_lang-CZMa-1ea.js                       2.43 kB │ gzip:   1.14 kB
dist/assets/index.vue_vue_type_script_setup_true_lang-DfVkD5ov.js                       2.44 kB │ gzip:   1.20 kB
dist/assets/useTableColumns-yplPTEG8.js                                                 2.46 kB │ gzip:   1.04 kB
dist/assets/index-Cibjew6Y.js                                                           2.47 kB │ gzip:   1.12 kB
dist/assets/index.vue_vue_type_script_setup_true_lang-Cj9RnNhr.js                       2.51 kB │ gzip:   1.25 kB
dist/assets/index-Ccd68LfY.js                                                           2.53 kB │ gzip:   1.38 kB
dist/assets/el-space-DP6VM85g.js                                                        2.54 kB │ gzip:   1.19 kB
dist/assets/el-alert-DJEJPX10.js                                                        2.55 kB │ gzip:   1.19 kB
dist/assets/merchant-demo-waPU7teg.js                                                   2.63 kB │ gzip:   1.19 kB
dist/assets/trial-management-DF8bjSWV.js                                                2.72 kB │ gzip:   1.23 kB
dist/assets/avatar-pR7-E1hl.js                                                          2.89 kB │ gzip:   2.23 kB
dist/assets/basic-DocMQ8jW.js                                                           2.94 kB │ gzip:   1.39 kB
dist/assets/_baseClone-Dp4M9x4h.js                                                      3.02 kB │ gzip:   1.26 kB
dist/assets/hot-products-list.vue_vue_type_script_setup_true_lang-CuF3KlJB.js           3.03 kB │ gzip:   1.53 kB
dist/assets/index-cnnidEaJ.js                                                           3.04 kB │ gzip:   1.75 kB
dist/assets/index.vue_vue_type_script_setup_true_lang-BI1A6Nu1.js                       3.07 kB │ gzip:   1.31 kB
dist/assets/index-Df-_qnWI.js                                                           3.10 kB │ gzip:   1.49 kB
dist/assets/avatar1-CutlWZf5.js                                                         3.11 kB │ gzip:   2.40 kB
dist/assets/sd-1u45Prz5.js                                                              3.13 kB │ gzip:   2.15 kB
dist/assets/game-audit-panel-yK8aoU93.js                                                3.14 kB │ gzip:   1.67 kB
dist/assets/index-N50IbPq5.js                                                           3.15 kB │ gzip:   1.57 kB
dist/assets/index.vue_vue_type_script_setup_true_lang-BEUEDv4Q.js                       3.19 kB │ gzip:   1.37 kB
dist/assets/index-Tg5J_8Ut.js                                                           3.21 kB │ gzip:   1.46 kB
dist/assets/index-C_3MUiv1.js                                                           3.26 kB │ gzip:   1.46 kB
dist/assets/role-edit-dialog.vue_vue_type_script_setup_true_lang-D-OZ9KaB.js            3.26 kB │ gzip:   1.39 kB
dist/assets/index.vue_vue_type_script_setup_true_lang-0szFh2kT.js                       3.43 kB │ gzip:   1.62 kB
dist/assets/AuthTopBar-CQMpIPqC.js                                                      3.49 kB │ gzip:   1.70 kB
dist/assets/index-DX77qZkD.js                                                           3.50 kB │ gzip:   1.30 kB
dist/assets/el-popover-BCyzguFc.js                                                      3.51 kB │ gzip:   1.53 kB
dist/assets/index-DpHH7OlZ.js                                                           3.52 kB │ gzip:   1.64 kB
dist/assets/index-BBZTN_2X.js                                                           3.55 kB │ gzip:   1.69 kB
dist/assets/game-batch-tag-dialog.vue_vue_type_script_setup_true_lang-CaRuBK5T.js       3.58 kB │ gzip:   1.65 kB
dist/assets/user-dialog.vue_vue_type_script_setup_true_lang-CPs9DfuR.js                 3.62 kB │ gzip:   1.64 kB
dist/assets/role-permission-dialog.vue_vue_type_script_setup_true_lang-PiVzLcyM.js      3.63 kB │ gzip:   1.74 kB
dist/assets/settlement-table-DYtERzSq.js                                                3.63 kB │ gzip:   1.75 kB
dist/assets/index-Lkmw-WHA.js                                                           3.71 kB │ gzip:   1.33 kB
dist/assets/formData-Cd6BXK-M.js                                                        3.80 kB │ gzip:   1.22 kB
dist/assets/index-CP4JxwAt.js                                                           4.07 kB │ gzip:   1.97 kB
dist/assets/new-user-AKlkrpZd.js                                                        4.13 kB │ gzip:   1.89 kB
dist/assets/index-CqDqE-sH.js                                                           4.22 kB │ gzip:   2.11 kB
dist/assets/index-CI6oh5T8.js                                                           4.23 kB │ gzip:   1.83 kB
dist/assets/index-BjX5vBVj.js                                                           4.26 kB │ gzip:   2.28 kB
dist/assets/index-4lv0QKZR.js                                                           4.50 kB │ gzip:   1.84 kB
dist/assets/index-1pliGddW.js                                                           4.55 kB │ gzip:   1.95 kB
dist/assets/el-step-CFNFin0w.js                                                         4.57 kB │ gzip:   1.86 kB
dist/assets/index-CxGaQESo.js                                                           4.57 kB │ gzip:   1.57 kB
dist/assets/el-overlay-osUJrYrO.js                                                      4.66 kB │ gzip:   1.83 kB
dist/assets/game-asset-uploader-HvNBPrSG.js                                             4.66 kB │ gzip:   2.36 kB
dist/assets/index-BwHB_IHl.js                                                           4.66 kB │ gzip:   1.56 kB
dist/assets/index-B__AYscs.js                                                           4.73 kB │ gzip:   1.98 kB
dist/assets/el-empty-Cs1RmPH6.js                                                        4.82 kB │ gzip:   1.68 kB
dist/assets/index.vue_vue_type_script_setup_true_lang-Cier6rmu.js                       4.86 kB │ gzip:   1.95 kB
dist/assets/index-BApGV1wV.js                                                           4.98 kB │ gzip:   2.38 kB
dist/assets/el-collapse-item-DUr8fD93.js                                                5.01 kB │ gzip:   2.19 kB
dist/assets/el-drawer-CJMotasO.js                                                       5.05 kB │ gzip:   2.30 kB
dist/assets/index-CT4_wY2M.js                                                           5.11 kB │ gzip:   2.05 kB
dist/assets/el-dialog-BCzuLO3P.js                                                       5.13 kB │ gzip:   2.22 kB
dist/assets/index-yAC4ObnJ.js                                                           5.17 kB │ gzip:   1.93 kB
dist/assets/el-descriptions-item-Bi_AFaeC.js                                            5.28 kB │ gzip:   2.09 kB
dist/assets/index-CJBDjwZ6.js                                                           5.32 kB │ gzip:   2.49 kB
dist/assets/useHeaderBar-DIgeFKpt.js                                                    5.39 kB │ gzip:   3.66 kB
dist/assets/approvalCenter-CYSGv2u3.js                                                  5.40 kB │ gzip:   2.29 kB
dist/assets/index-D5PEiQrP.js                                                           5.45 kB │ gzip:   2.46 kB
dist/assets/index-B1vzNndw.js                                                           5.54 kB │ gzip:   2.23 kB
dist/assets/platformSystem-8FhvzkjS.js                                                  5.56 kB │ gzip:   2.74 kB
dist/assets/index-DRCMPfv-.js                                                           5.60 kB │ gzip:   2.83 kB
dist/assets/index-B9o2dENi.js                                                           5.79 kB │ gzip:   2.53 kB
dist/assets/el-radio-BhsSopUe.js                                                        5.88 kB │ gzip:   2.31 kB
dist/assets/useChart-CGLe9X8D.js                                                        5.97 kB │ gzip:   2.62 kB
dist/assets/gameCatalog-RrkELRw1.js                                                     6.09 kB │ gzip:   2.38 kB
dist/assets/index-BEfnY7hJ.js                                                           6.13 kB │ gzip:   2.87 kB
dist/assets/index-DDWQYSBE.js                                                           6.29 kB │ gzip:   2.56 kB
dist/assets/index-DvleDa4H.js                                                           6.29 kB │ gzip:   2.62 kB
dist/assets/index-LgM1XZAg.js                                                           6.35 kB │ gzip:   2.86 kB
dist/assets/index-QsEtuUO5.js                                                           6.39 kB │ gzip:   3.72 kB
dist/assets/index-WLnRNI2y.js                                                           6.50 kB │ gzip:   2.60 kB
dist/assets/index-Bqcg3gbx.js                                                           6.63 kB │ gzip:   2.90 kB
dist/assets/index-B2i4kJam.js                                                           6.79 kB │ gzip:   2.91 kB
dist/assets/index-DAQ-3uFp.js                                                           6.79 kB │ gzip:   3.02 kB
dist/assets/tree-xpcalkD6.js                                                            6.85 kB │ gzip:   3.01 kB
dist/assets/index.vue_vue_type_script_setup_true_lang-CnBp68D8.js                       6.94 kB │ gzip:   2.90 kB
dist/assets/platformLocale-CR712Voc.js                                                  6.96 kB │ gzip:   2.12 kB
dist/assets/memberCenter-BMbPnlwd.js                                                    7.04 kB │ gzip:   2.69 kB
dist/assets/index-B5knXb7H.js                                                           7.17 kB │ gzip:   3.34 kB
dist/assets/financeSettings-BAd5bOXi.js                                                 7.21 kB │ gzip:   3.16 kB
dist/assets/index-sZoOydZN.js                                                           7.25 kB │ gzip:   3.36 kB
dist/assets/index-CdR0pFb0.js                                                           7.26 kB │ gzip:   3.00 kB
dist/assets/index-CuECLzDu.js                                                           7.26 kB │ gzip:   2.94 kB
dist/assets/index-DL1DmUYT.js                                                           7.34 kB │ gzip:   3.41 kB
dist/assets/menu-dialog.vue_vue_type_script_setup_true_lang-C05PEE7b.js                 7.44 kB │ gzip:   3.25 kB
dist/assets/reportCenter-KMOFJcxT.js                                                    7.49 kB │ gzip:   2.77 kB
dist/assets/index-lVjGXVyk.js                                                           7.54 kB │ gzip:   3.11 kB
dist/assets/index-De1vc9Cv.js                                                           7.69 kB │ gzip:   3.08 kB
dist/assets/index-Ofkhee_p.js                                                           7.95 kB │ gzip:   3.16 kB
dist/assets/index-XBVybIsw.js                                                           7.98 kB │ gzip:   3.45 kB
dist/assets/agent-drawer-oP4MGbBf.js                                                    8.13 kB │ gzip:   3.19 kB
dist/assets/avatar6-VNTlcTK9.js                                                         8.15 kB │ gzip:   6.07 kB
dist/assets/transactionCenter-BHfZUQ4X.js                                               8.47 kB │ gzip:   3.66 kB
dist/assets/overview-Cs6t_GQO.js                                                        8.51 kB │ gzip:   3.40 kB
dist/assets/index-BBfpcYim.js                                                           8.53 kB │ gzip:   3.29 kB
dist/assets/index-BCRiVkMV.js                                                           8.70 kB │ gzip:   3.28 kB
dist/assets/index-rP5bs1RU.js                                                           9.11 kB │ gzip:   3.81 kB
dist/assets/index-BXRLuIay.js                                                           9.15 kB │ gzip:   3.78 kB
dist/assets/index-4PDK-5We.js                                                           9.20 kB │ gzip:   3.72 kB
dist/assets/index-CRejUdl6.js                                                           9.46 kB │ gzip:   3.78 kB
dist/assets/game-rtp-panel-CS3cMRTX.js                                                  9.81 kB │ gzip:   3.94 kB
dist/assets/index-DBWW7NQb.js                                                           9.90 kB │ gzip:   4.27 kB
dist/assets/detail-Bpe97M1a.js                                                          9.94 kB │ gzip:   4.14 kB
dist/assets/index-BWOfo99P.js                                                          10.06 kB │ gzip:   3.50 kB
dist/assets/detail-BIcarQuX.js                                                         10.25 kB │ gzip:   4.15 kB
dist/assets/index-CMpHV3yk.js                                                          10.33 kB │ gzip:   4.41 kB
dist/assets/index-DYdSvb71.js                                                          10.51 kB │ gzip:   4.47 kB
dist/assets/taxonomy-drawer-MASxdSO-.js                                                10.62 kB │ gzip:   4.08 kB
dist/assets/customParseFormat-CAOCXIzO.js                                              10.75 kB │ gzip:   4.57 kB
dist/assets/index-CR9qY6D0.js                                                          10.94 kB │ gzip:   4.44 kB
dist/assets/index-C6MNLp8K.js                                                          11.02 kB │ gzip:   4.22 kB
dist/assets/avatar9-oKrDyQhv.js                                                        11.24 kB │ gzip:   8.45 kB
dist/assets/index-5nXHwR1l.js                                                          11.27 kB │ gzip:   4.17 kB
dist/assets/platformAccess-BHUov3vA.js                                                 11.31 kB │ gzip:   4.09 kB
dist/assets/jackpotCenter-BfsF0dJy.js                                                  11.49 kB │ gzip:   4.43 kB
dist/assets/index-Dbgfr3X5.js                                                          11.49 kB │ gzip:   4.61 kB
dist/assets/overlay-CmaTcBjz.js                                                        11.60 kB │ gzip:   4.30 kB
dist/assets/index-D85S5Wll.js                                                          11.73 kB │ gzip:   4.48 kB
dist/assets/index-BD7y0_5M.js                                                          11.76 kB │ gzip:   4.29 kB
dist/assets/el-tab-pane-ung8V1MA.js                                                    11.77 kB │ gzip:   4.94 kB
dist/assets/el-pagination-0uL1ewCt.js                                                  12.17 kB │ gzip:   4.12 kB
dist/assets/riskCenter-BZLSiQEl.js                                                     12.45 kB │ gzip:   4.64 kB
dist/assets/detail-B95x5BeM.js                                                         12.49 kB │ gzip:   4.73 kB
dist/assets/index-DMEiA99j.js                                                          12.58 kB │ gzip:   5.48 kB
dist/assets/index-ryTLMdiN.js                                                          12.62 kB │ gzip:   4.86 kB
dist/assets/index-7gwdtB61.js                                                          12.68 kB │ gzip:   4.87 kB
dist/assets/index-DEVzvGUW.js                                                          12.80 kB │ gzip:   4.48 kB
dist/assets/index-CDQcWZCO.js                                                          12.99 kB │ gzip:   5.42 kB
dist/assets/index-m2d59m_3.js                                                          13.23 kB │ gzip:   5.23 kB
dist/assets/useReportFourTabs-Do_tU-3s.js                                              13.30 kB │ gzip:   5.59 kB
dist/assets/index-D9MLGEro.js                                                          13.65 kB │ gzip:   5.50 kB
dist/assets/search-bar-B1HX4In7.js                                                     13.70 kB │ gzip:   5.12 kB
dist/assets/index-BdEKUJdu.js                                                          13.77 kB │ gzip:   4.96 kB
dist/assets/index-B0fw2oB1.js                                                          13.90 kB │ gzip:   5.60 kB
dist/assets/create-oxTcS5JU.js                                                         14.37 kB │ gzip:   5.12 kB
dist/assets/index-BEEWpjh4.js                                                          14.56 kB │ gzip:   5.62 kB
dist/assets/index-jcP9CHag.js                                                          14.74 kB │ gzip:   5.74 kB
dist/assets/detail-DYuXQlo7.js                                                         14.82 kB │ gzip:   5.32 kB
dist/assets/differences-CbvRPv5b.js                                                    14.95 kB │ gzip:   5.45 kB
dist/assets/index-DQCQ4lI1.js                                                          15.09 kB │ gzip:   5.40 kB
dist/assets/game-limit-panel-NRV875WS.js                                               15.15 kB │ gzip:   5.55 kB
dist/assets/index-RP1HXImk.js                                                          15.33 kB │ gzip:   5.32 kB
dist/assets/detail-D97zI2RC.js                                                         15.48 kB │ gzip:   5.96 kB
dist/assets/index-B1-oK13s.js                                                          15.54 kB │ gzip:   4.27 kB
dist/assets/useTable-CGH53Rzi.js                                                       16.08 kB │ gzip:   6.95 kB
dist/assets/index-D5D0Ekl3.js                                                          16.17 kB │ gzip:   5.73 kB
dist/assets/el-dropdown-item-BfOvjBH_.js                                               16.41 kB │ gzip:   5.61 kB
dist/assets/index-f6lOl_jt.js                                                          16.52 kB │ gzip:   5.59 kB
dist/assets/index-3hlpa9Zq.js                                                          16.68 kB │ gzip:   5.48 kB
dist/assets/index-DyjtiXBH.js                                                          16.84 kB │ gzip:   6.59 kB
dist/assets/index-C6dKDsts.js                                                          17.11 kB │ gzip:   5.07 kB
dist/assets/index-BoVkEYlU.js                                                          17.40 kB │ gzip:   6.67 kB
dist/assets/modules-iUkQZUOi.js                                                        17.49 kB │ gzip:   5.29 kB
dist/assets/create-DpHD1wR2.js                                                         17.49 kB │ gzip:   6.17 kB
dist/assets/index-CaT0oONd.js                                                          17.61 kB │ gzip:   6.24 kB
dist/assets/index-BmNac6eV.js                                                          17.63 kB │ gzip:   5.93 kB
dist/assets/DemoLinks-FZ66ugQX.js                                                      17.81 kB │ gzip:   6.40 kB
dist/assets/el-color-picker-panel-BoT88cUM.js                                          17.82 kB │ gzip:   6.04 kB
dist/assets/game-basic-panel-DLv0RGKi.js                                               18.19 kB │ gzip:   5.59 kB
dist/assets/providerDemo-nYjMd_b4.js                                                   18.44 kB │ gzip:   7.28 kB
dist/assets/create-S2IQu_O6.js                                                         18.61 kB │ gzip:   6.97 kB
dist/assets/index-Bzi63VY3.js                                                          18.69 kB │ gzip:   7.40 kB
dist/assets/create-CAf3BZI9.js                                                         18.69 kB │ gzip:   6.79 kB
dist/assets/index.vue_vue_type_script_setup_true_lang-B7Pd3NQG.js                      18.89 kB │ gzip:   7.23 kB
dist/assets/index-ChiKoh3D.js                                                          19.57 kB │ gzip:   7.22 kB
dist/assets/index-uAx8psD4.js                                                          19.78 kB │ gzip:   6.69 kB
dist/assets/index-CQQmWQz4.js                                                          19.96 kB │ gzip:   7.06 kB
dist/assets/el-button-Bs-F9qAQ.js                                                      19.99 kB │ gzip:   6.93 kB
dist/assets/financeCenter-CqN8sMIa.js                                                  20.82 kB │ gzip:   6.50 kB
dist/assets/index-B-t7iQXa.js                                                          21.01 kB │ gzip:   6.35 kB
dist/assets/index-BHiGXtj2.js                                                          21.15 kB │ gzip:   7.41 kB
dist/assets/businessPartner-gTlp65px.js                                                21.19 kB │ gzip:   6.02 kB
dist/assets/index-DJSP2GYa.js                                                          22.31 kB │ gzip:   8.20 kB
dist/assets/index-BiHHjQbf.js                                                          22.40 kB │ gzip:   7.73 kB
dist/assets/index-DamdtSul.js                                                          22.49 kB │ gzip:  12.76 kB
dist/assets/detail-BsfRzrsU.js                                                         24.39 kB │ gzip:   8.00 kB
dist/assets/detail-CFE9V1Hu.js                                                         24.90 kB │ gzip:   7.92 kB
dist/assets/detail-DD9b2mDs.js                                                         25.36 kB │ gzip:   8.53 kB
dist/assets/currency-detail-BvaCshj8.js                                                25.40 kB │ gzip:   9.60 kB
dist/assets/index-DDEtSZQd.js                                                          25.98 kB │ gzip:   9.02 kB
dist/assets/index-BdtidOjg.js                                                          26.60 kB │ gzip:   8.72 kB
dist/assets/index-BtAsoxVh.js                                                          27.05 kB │ gzip:   8.38 kB
dist/assets/el-form-item-DfOlh9lI.js                                                   27.20 kB │ gzip:   9.13 kB
dist/assets/index-B7xxAWXw.js                                                          28.14 kB │ gzip:   9.99 kB
dist/assets/detail-gpwXvG1q.js                                                         28.40 kB │ gzip:   9.00 kB
dist/assets/el-option-sUN5ES3L.js                                                      28.82 kB │ gzip:   9.59 kB
dist/assets/index-CkZlQGOS.js                                                          29.02 kB │ gzip:   9.34 kB
dist/assets/detail-BFLS4lbA.js                                                         30.10 kB │ gzip:   9.11 kB
dist/assets/system-workspace-DDiDOlKA.js                                               33.89 kB │ gzip:   7.59 kB
dist/assets/index-BjRN4Gth.js                                                          34.63 kB │ gzip:   9.42 kB
dist/assets/index-D7P-5SJs.js                                                          38.98 kB │ gzip:  13.56 kB
dist/assets/vue-draggable-plus-eh0DSbZC.js                                             41.70 kB │ gzip:  14.38 kB
dist/assets/index-BNM1K8QU.js                                                          43.97 kB │ gzip:  13.25 kB
dist/assets/tree-select-6rGCixFf.js                                                    53.69 kB │ gzip:  18.18 kB
dist/assets/index-BC74ah-z.js                                                          64.50 kB │ gzip:  21.77 kB
dist/assets/index-CghGfl6z.js                                                          74.80 kB │ gzip:  29.02 kB
dist/assets/el-table-column-5tbHrkiY.js                                                75.01 kB │ gzip:  24.96 kB
dist/assets/index-DcdmtPtp.js                                                          85.83 kB │ gzip:  22.84 kB
dist/assets/index-B_zgzLPn.js                                                         284.43 kB │ gzip:  77.35 kB
dist/assets/index-_5cUmfj0.js                                                         421.01 kB │ gzip: 140.96 kB
dist/assets/index-DIx2oEm-.js                                                         562.45 kB │ gzip: 191.30 kB
dist/assets/echarts-DSKumXTW.js                                                       748.03 kB │ gzip: 244.46 kB
dist/assets/index.vue_vue_type_style_index_0_lang-CFJCf655.js                         813.97 kB │ gzip: 275.60 kB
dist/assets/index-Ca5fI5aS.js                                                       1,477.53 kB │ gzip: 482.90 kB
✓ built in 1m 22s
